2026-09-07 16:46:32 INFO RUN_START run_id=scrape_20260907_111632 channel=scraping limit=None dry_run=False
2026-09-07 16:46:32 INFO PAGE_REQUEST directory=CANACINTRA status=200
2026-09-07 16:46:32 INFO EXTRACTION_COMPLETED directory=CANACINTRA companies=2 invalid=0
2026-09-07 16:46:32 INFO PAGE_REQUEST directory=AMCHAM status=200
2026-09-07 16:46:32 INFO EXTRACTION_COMPLETED directory=AMCHAM companies=2 invalid=0
2026-09-07 16:46:32 INFO PAGE_REQUEST directory=COSMOS status=200
2026-09-07 16:46:32 INFO EXTRACTION_COMPLETED directory=COSMOS companies=2 invalid=0
2026-09-07 16:46:32 INFO PAGE_REQUEST directory=QUIMINET status=200
2026-09-07 16:46:32 INFO EXTRACTION_COMPLETED directory=QUIMINET companies=2 invalid=0
2026-09-07 16:46:32 INFO PAGE_REQUEST directory=SECCION_AMARILLA status=200
2026-09-07 16:46:32 INFO EXTRACTION_COMPLETED directory=SECCION_AMARILLA companies=2 invalid=0
2026-09-07 16:46:32 INFO DEDUPLICATION_COMPLETED input=10 duplicates=0 final=10
2026-09-07 16:46:32 INFO RUN_COMPLETE run_id=scrape_20260907_111632 companies=10 people=4 duration_seconds=0.01
2026-09-07 16:47:08 INFO RUN_START run_id=scrape_20260907_111708 channel=scraping limit=10 dry_run=False
2026-09-07 16:47:08 INFO PAGE_REQUEST directory=CANACINTRA status=200
2026-09-07 16:47:08 INFO EXTRACTION_COMPLETED directory=CANACINTRA companies=2 invalid=0
2026-09-07 16:47:08 INFO PAGE_REQUEST directory=AMCHAM status=200
2026-09-07 16:47:08 INFO EXTRACTION_COMPLETED directory=AMCHAM companies=2 invalid=0
2026-09-07 16:47:08 INFO PAGE_REQUEST directory=COSMOS status=200
2026-09-07 16:47:08 INFO EXTRACTION_COMPLETED directory=COSMOS companies=2 invalid=0
2026-09-07 16:47:08 INFO PAGE_REQUEST directory=QUIMINET status=200
2026-09-07 16:47:08 INFO EXTRACTION_COMPLETED directory=QUIMINET companies=2 invalid=0
2026-09-07 16:47:08 INFO PAGE_REQUEST directory=SECCION_AMARILLA status=200
2026-09-07 16:47:08 INFO EXTRACTION_COMPLETED directory=SECCION_AMARILLA companies=2 invalid=0
2026-09-07 16:47:08 INFO DEDUPLICATION_COMPLETED input=10 duplicates=0 final=10
2026-09-07 16:47:08 INFO RUN_COMPLETE run_id=scrape_20260907_111708 companies=10 people=4 duration_seconds=0.01
2026-09-07 16:47:55 INFO RUN_START run_id=scrape_20260907_111755 channel=scraping limit=5 dry_run=False
2026-09-07 16:47:55 INFO PAGE_REQUEST directory=CANACINTRA status=200
2026-09-07 16:47:55 INFO EXTRACTION_COMPLETED directory=CANACINTRA companies=2 invalid=0
2026-09-07 16:47:55 INFO PAGE_REQUEST directory=AMCHAM status=200
2026-09-07 16:47:55 INFO EXTRACTION_COMPLETED directory=AMCHAM companies=2 invalid=0
2026-09-07 16:47:55 INFO PAGE_REQUEST directory=COSMOS status=200
2026-09-07 16:47:55 INFO EXTRACTION_COMPLETED directory=COSMOS companies=2 invalid=0
2026-09-07 16:47:55 INFO PAGE_REQUEST directory=QUIMINET status=200
2026-09-07 16:47:55 INFO EXTRACTION_COMPLETED directory=QUIMINET companies=2 invalid=0
2026-09-07 16:47:55 INFO PAGE_REQUEST directory=SECCION_AMARILLA status=200
2026-09-07 16:47:55 INFO EXTRACTION_COMPLETED directory=SECCION_AMARILLA companies=2 invalid=0
2026-09-07 16:47:55 INFO DEDUPLICATION_COMPLETED input=10 duplicates=0 final=10
2026-09-07 16:47:55 INFO RUN_COMPLETE run_id=scrape_20260907_111755 companies=10 people=4 duration_seconds=0.01
2026-09-07 16:48:00 INFO RUN_START run_id=scrape_20260907_111800 channel=scraping limit=5 dry_run=False
2026-09-07 16:48:00 INFO PAGE_REQUEST directory=CANACINTRA status=200
2026-09-07 16:48:00 INFO EXTRACTION_COMPLETED directory=CANACINTRA companies=2 invalid=0
2026-09-07 16:48:00 INFO PAGE_REQUEST directory=AMCHAM status=200
2026-09-07 16:48:00 INFO EXTRACTION_COMPLETED directory=AMCHAM companies=2 invalid=0
2026-09-07 16:48:00 INFO PAGE_REQUEST directory=COSMOS status=200
2026-09-07 16:48:00 INFO EXTRACTION_COMPLETED directory=COSMOS companies=2 invalid=0
2026-09-07 16:48:00 INFO PAGE_REQUEST directory=QUIMINET status=200
2026-09-07 16:48:00 INFO EXTRACTION_COMPLETED directory=QUIMINET companies=2 invalid=0
2026-09-07 16:48:00 INFO PAGE_REQUEST directory=SECCION_AMARILLA status=200
2026-09-07 16:48:00 INFO EXTRACTION_COMPLETED directory=SECCION_AMARILLA companies=2 invalid=0
2026-09-07 16:48:00 INFO DEDUPLICATION_COMPLETED input=10 duplicates=0 final=10
2026-09-07 16:48:00 INFO RUN_COMPLETE run_id=scrape_20260907_111800 companies=10 people=4 duration_seconds=0.01
2026-09-07 16:48:35 INFO RUN_START run_id=scrape_20260907_111835 channel=scraping limit=5 dry_run=False
2026-09-07 16:48:35 INFO PAGE_REQUEST directory=CANACINTRA status=200
2026-09-07 16:48:35 INFO EXTRACTION_COMPLETED directory=CANACINTRA companies=2 invalid=0
2026-09-07 16:48:35 INFO PAGE_REQUEST directory=AMCHAM status=200
2026-09-07 16:48:35 INFO EXTRACTION_COMPLETED directory=AMCHAM companies=2 invalid=0
2026-09-07 16:48:35 INFO PAGE_REQUEST directory=COSMOS status=200
2026-09-07 16:48:35 INFO EXTRACTION_COMPLETED directory=COSMOS companies=2 invalid=0
2026-09-07 16:48:35 INFO PAGE_REQUEST directory=QUIMINET status=200
2026-09-07 16:48:35 INFO EXTRACTION_COMPLETED directory=QUIMINET companies=2 invalid=0
2026-09-07 16:48:35 INFO PAGE_REQUEST directory=SECCION_AMARILLA status=200
2026-09-07 16:48:35 INFO EXTRACTION_COMPLETED directory=SECCION_AMARILLA companies=2 invalid=0
2026-09-07 16:48:35 INFO DEDUPLICATION_COMPLETED input=10 duplicates=0 final=10
2026-09-07 16:48:35 INFO RUN_COMPLETE run_id=scrape_20260907_111835 companies=10 people=4 duration_seconds=0.01
2026-09-07 16:48:36 INFO RUN_START run_id=scrape_20260907_111836 channel=scraping limit=5 dry_run=False
2026-09-07 16:48:36 INFO PAGE_REQUEST directory=CANACINTRA status=200
2026-09-07 16:48:36 INFO EXTRACTION_COMPLETED directory=CANACINTRA companies=2 invalid=0
2026-09-07 16:48:36 INFO PAGE_REQUEST directory=AMCHAM status=200
2026-09-07 16:48:36 INFO EXTRACTION_COMPLETED directory=AMCHAM companies=2 invalid=0
2026-09-07 16:48:36 INFO PAGE_REQUEST directory=COSMOS status=200
2026-09-07 16:48:36 INFO EXTRACTION_COMPLETED directory=COSMOS companies=2 invalid=0
2026-09-07 16:48:36 INFO PAGE_REQUEST directory=QUIMINET status=200
2026-09-07 16:48:36 INFO EXTRACTION_COMPLETED directory=QUIMINET companies=2 invalid=0
2026-09-07 16:48:36 INFO PAGE_REQUEST directory=SECCION_AMARILLA status=200
2026-09-07 16:48:36 INFO EXTRACTION_COMPLETED directory=SECCION_AMARILLA companies=2 invalid=0
2026-09-07 16:48:36 INFO DEDUPLICATION_COMPLETED input=10 duplicates=0 final=10
2026-09-07 16:48:36 INFO RUN_COMPLETE run_id=scrape_20260907_111836 companies=10 people=4 duration_seconds=0.01
2026-09-07 16:49:09 INFO RUN_START run_id=scrape_20260907_111909 channel=scraping limit=5 dry_run=False
2026-09-07 16:49:09 INFO PAGE_REQUEST directory=CANACINTRA status=200
2026-09-07 16:49:09 INFO EXTRACTION_COMPLETED directory=CANACINTRA companies=2 invalid=0
2026-09-07 16:49:09 INFO PAGE_REQUEST directory=AMCHAM status=200
2026-09-07 16:49:09 INFO EXTRACTION_COMPLETED directory=AMCHAM companies=2 invalid=0
2026-09-07 16:49:09 INFO PAGE_REQUEST directory=COSMOS status=200
2026-09-07 16:49:09 INFO EXTRACTION_COMPLETED directory=COSMOS companies=2 invalid=0
2026-09-07 16:49:09 INFO PAGE_REQUEST directory=QUIMINET status=200
2026-09-07 16:49:09 INFO EXTRACTION_COMPLETED directory=QUIMINET companies=2 invalid=0
2026-09-07 16:49:09 INFO PAGE_REQUEST directory=SECCION_AMARILLA status=200
2026-09-07 16:49:09 INFO EXTRACTION_COMPLETED directory=SECCION_AMARILLA companies=2 invalid=0
2026-09-07 16:49:09 INFO DEDUPLICATION_COMPLETED input=10 duplicates=0 final=10
2026-09-07 16:49:09 INFO RUN_COMPLETE run_id=scrape_20260907_111909 companies=10 people=4 duration_seconds=0.0
2026-09-07 16:49:10 INFO RUN_START run_id=scrape_20260907_111910 channel=scraping limit=5 dry_run=False
2026-09-07 16:49:10 INFO PAGE_REQUEST directory=CANACINTRA status=200
2026-09-07 16:49:10 INFO EXTRACTION_COMPLETED directory=CANACINTRA companies=2 invalid=0
2026-09-07 16:49:10 INFO PAGE_REQUEST directory=AMCHAM status=200
2026-09-07 16:49:10 INFO EXTRACTION_COMPLETED directory=AMCHAM companies=2 invalid=0
2026-09-07 16:49:10 INFO PAGE_REQUEST directory=COSMOS status=200
2026-09-07 16:49:10 INFO EXTRACTION_COMPLETED directory=COSMOS companies=2 invalid=0
2026-09-07 16:49:10 INFO PAGE_REQUEST directory=QUIMINET status=200
2026-09-07 16:49:10 INFO EXTRACTION_COMPLETED directory=QUIMINET companies=2 invalid=0
2026-09-07 16:49:10 INFO PAGE_REQUEST directory=SECCION_AMARILLA status=200
2026-09-07 16:49:10 INFO EXTRACTION_COMPLETED directory=SECCION_AMARILLA companies=2 invalid=0
2026-09-07 16:49:10 INFO DEDUPLICATION_COMPLETED input=10 duplicates=0 final=10
2026-09-07 16:49:10 INFO RUN_COMPLETE run_id=scrape_20260907_111910 companies=10 people=4 duration_seconds=0.01
2026-09-07 16:50:48 INFO RUN_START run_id=scrape_20260907_112048 channel=scraping limit=5 dry_run=False
2026-09-07 16:50:48 INFO PAGE_REQUEST directory=CANACINTRA status=200
2026-09-07 16:50:48 INFO EXTRACTION_COMPLETED directory=CANACINTRA companies=2 invalid=0
2026-09-07 16:50:48 INFO PAGE_REQUEST directory=AMCHAM status=200
2026-09-07 16:50:48 INFO EXTRACTION_COMPLETED directory=AMCHAM companies=2 invalid=0
2026-09-07 16:50:48 INFO PAGE_REQUEST directory=COSMOS status=200
2026-09-07 16:50:48 INFO EXTRACTION_COMPLETED directory=COSMOS companies=2 invalid=0
2026-09-07 16:50:48 INFO PAGE_REQUEST directory=QUIMINET status=200
2026-09-07 16:50:48 INFO EXTRACTION_COMPLETED directory=QUIMINET companies=2 invalid=0
2026-09-07 16:50:48 INFO PAGE_REQUEST directory=SECCION_AMARILLA status=200
2026-09-07 16:50:48 INFO EXTRACTION_COMPLETED directory=SECCION_AMARILLA companies=2 invalid=0
2026-09-07 16:50:48 INFO DEDUPLICATION_COMPLETED input=10 duplicates=0 final=10
2026-09-07 16:50:48 INFO RUN_COMPLETE run_id=scrape_20260907_112048 companies=10 people=4 duration_seconds=0.01
2026-09-07 16:50:56 INFO RUN_START run_id=scrape_20260907_112056 channel=scraping limit=5 dry_run=False
2026-09-07 16:50:56 INFO PAGE_REQUEST directory=CANACINTRA status=200
2026-09-07 16:50:56 INFO EXTRACTION_COMPLETED directory=CANACINTRA companies=2 invalid=0
2026-09-07 16:50:56 INFO PAGE_REQUEST directory=AMCHAM status=200
2026-09-07 16:50:56 INFO EXTRACTION_COMPLETED directory=AMCHAM companies=2 invalid=0
2026-09-07 16:50:56 INFO PAGE_REQUEST directory=COSMOS status=200
2026-09-07 16:50:56 INFO EXTRACTION_COMPLETED directory=COSMOS companies=2 invalid=0
2026-09-07 16:50:56 INFO PAGE_REQUEST directory=QUIMINET status=200
2026-09-07 16:50:56 INFO EXTRACTION_COMPLETED directory=QUIMINET companies=2 invalid=0
2026-09-07 16:50:56 INFO PAGE_REQUEST directory=SECCION_AMARILLA status=200
2026-09-07 16:50:56 INFO EXTRACTION_COMPLETED directory=SECCION_AMARILLA companies=2 invalid=0
2026-09-07 16:50:56 INFO DEDUPLICATION_COMPLETED input=10 duplicates=0 final=10
2026-09-07 16:50:56 INFO RUN_COMPLETE run_id=scrape_20260907_112056 companies=10 people=4 duration_seconds=0.02
2026-09-07 16:52:25 INFO RUN_START run_id=scrape_20260907_112225 channel=scraping limit=5 dry_run=False
2026-09-07 16:52:25 INFO PAGE_REQUEST directory=CANACINTRA status=200
2026-09-07 16:52:25 INFO EXTRACTION_COMPLETED directory=CANACINTRA companies=2 invalid=0
2026-09-07 16:52:25 INFO PAGE_REQUEST directory=AMCHAM status=200
2026-09-07 16:52:25 INFO EXTRACTION_COMPLETED directory=AMCHAM companies=2 invalid=0
2026-09-07 16:52:25 INFO PAGE_REQUEST directory=COSMOS status=200
2026-09-07 16:52:25 INFO EXTRACTION_COMPLETED directory=COSMOS companies=2 invalid=0
2026-09-07 16:52:25 INFO PAGE_REQUEST directory=QUIMINET status=200
2026-09-07 16:52:25 INFO EXTRACTION_COMPLETED directory=QUIMINET companies=2 invalid=0
2026-09-07 16:52:25 INFO PAGE_REQUEST directory=SECCION_AMARILLA status=200
2026-09-07 16:52:25 INFO EXTRACTION_COMPLETED directory=SECCION_AMARILLA companies=2 invalid=0
2026-09-07 16:52:25 INFO DEDUPLICATION_COMPLETED input=10 duplicates=0 final=10
2026-09-07 16:52:25 INFO RUN_COMPLETE run_id=scrape_20260907_112225 companies=10 people=4 duration_seconds=0.0
2026-09-07 16:52:32 INFO RUN_START run_id=scrape_20260907_112232 channel=scraping limit=5 dry_run=False
2026-09-07 16:52:32 INFO PAGE_REQUEST directory=CANACINTRA status=200
2026-09-07 16:52:32 INFO EXTRACTION_COMPLETED directory=CANACINTRA companies=2 invalid=0
2026-09-07 16:52:32 INFO PAGE_REQUEST directory=AMCHAM status=200
2026-09-07 16:52:32 INFO EXTRACTION_COMPLETED directory=AMCHAM companies=2 invalid=0
2026-09-07 16:52:32 INFO PAGE_REQUEST directory=COSMOS status=200
2026-09-07 16:52:32 INFO EXTRACTION_COMPLETED directory=COSMOS companies=2 invalid=0
2026-09-07 16:52:32 INFO PAGE_REQUEST directory=QUIMINET status=200
2026-09-07 16:52:32 INFO EXTRACTION_COMPLETED directory=QUIMINET companies=2 invalid=0
2026-09-07 16:52:32 INFO PAGE_REQUEST directory=SECCION_AMARILLA status=200
2026-09-07 16:52:32 INFO EXTRACTION_COMPLETED directory=SECCION_AMARILLA companies=2 invalid=0
2026-09-07 16:52:32 INFO DEDUPLICATION_COMPLETED input=10 duplicates=0 final=10
2026-09-07 16:52:32 INFO RUN_COMPLETE run_id=scrape_20260907_112232 companies=10 people=4 duration_seconds=0.01
2026-09-07 16:52:49 INFO RUN_START run_id=scrape_20260907_112249 channel=scraping limit=5 dry_run=False
2026-09-07 16:52:49 INFO PAGE_REQUEST directory=CANACINTRA status=200
2026-09-07 16:52:49 INFO EXTRACTION_COMPLETED directory=CANACINTRA companies=2 invalid=0
2026-09-07 16:52:49 INFO PAGE_REQUEST directory=AMCHAM status=200
2026-09-07 16:52:49 INFO EXTRACTION_COMPLETED directory=AMCHAM companies=2 invalid=0
2026-09-07 16:52:49 INFO PAGE_REQUEST directory=COSMOS status=200
2026-09-07 16:52:49 INFO EXTRACTION_COMPLETED directory=COSMOS companies=2 invalid=0
2026-09-07 16:52:49 INFO PAGE_REQUEST directory=QUIMINET status=200
2026-09-07 16:52:49 INFO EXTRACTION_COMPLETED directory=QUIMINET companies=2 invalid=0
2026-09-07 16:52:49 INFO PAGE_REQUEST directory=SECCION_AMARILLA status=200
2026-09-07 16:52:49 INFO EXTRACTION_COMPLETED directory=SECCION_AMARILLA companies=2 invalid=0
2026-09-07 16:52:49 INFO DEDUPLICATION_COMPLETED input=10 duplicates=0 final=10
2026-09-07 16:52:49 INFO RUN_COMPLETE run_id=scrape_20260907_112249 companies=10 people=4 duration_seconds=0.02
2026-09-07 16:52:56 INFO RUN_START run_id=scrape_20260907_112256 channel=scraping limit=5 dry_run=False
2026-09-07 16:52:56 INFO PAGE_REQUEST directory=CANACINTRA status=200
2026-09-07 16:52:56 INFO EXTRACTION_COMPLETED directory=CANACINTRA companies=2 invalid=0
2026-09-07 16:52:56 INFO PAGE_REQUEST directory=AMCHAM status=200
2026-09-07 16:52:56 INFO EXTRACTION_COMPLETED directory=AMCHAM companies=2 invalid=0
2026-09-07 16:52:56 INFO PAGE_REQUEST directory=COSMOS status=200
2026-09-07 16:52:56 INFO EXTRACTION_COMPLETED directory=COSMOS companies=2 invalid=0
2026-09-07 16:52:56 INFO PAGE_REQUEST directory=QUIMINET status=200
2026-09-07 16:52:56 INFO EXTRACTION_COMPLETED directory=QUIMINET companies=2 invalid=0
2026-09-07 16:52:56 INFO PAGE_REQUEST directory=SECCION_AMARILLA status=200
2026-09-07 16:52:56 INFO EXTRACTION_COMPLETED directory=SECCION_AMARILLA companies=2 invalid=0
2026-09-07 16:52:56 INFO DEDUPLICATION_COMPLETED input=10 duplicates=0 final=10
2026-09-07 16:52:56 INFO RUN_COMPLETE run_id=scrape_20260907_112256 companies=10 people=4 duration_seconds=0.03
2026-09-07 16:53:36 INFO RUN_START run_id=scrape_20260907_112336 channel=scraping limit=None dry_run=False
2026-09-07 16:53:36 INFO PAGE_REQUEST directory=CANACINTRA status=200
2026-09-07 16:53:36 INFO EXTRACTION_COMPLETED directory=CANACINTRA companies=2 invalid=0
2026-09-07 16:53:36 INFO PAGE_REQUEST directory=AMCHAM status=200
2026-09-07 16:53:36 INFO EXTRACTION_COMPLETED directory=AMCHAM companies=2 invalid=0
2026-09-07 16:53:36 INFO PAGE_REQUEST directory=COSMOS status=200
2026-09-07 16:53:36 INFO EXTRACTION_COMPLETED directory=COSMOS companies=2 invalid=0
2026-09-07 16:53:36 INFO PAGE_REQUEST directory=QUIMINET status=200
2026-09-07 16:53:36 INFO EXTRACTION_COMPLETED directory=QUIMINET companies=2 invalid=0
2026-09-07 16:53:36 INFO PAGE_REQUEST directory=SECCION_AMARILLA status=200
2026-09-07 16:53:36 INFO EXTRACTION_COMPLETED directory=SECCION_AMARILLA companies=2 invalid=0
2026-09-07 16:53:36 INFO DEDUPLICATION_COMPLETED input=10 duplicates=0 final=10
2026-09-07 16:53:36 INFO RUN_COMPLETE run_id=scrape_20260907_112336 companies=10 people=4 duration_seconds=0.01
2026-09-07 16:56:00 INFO RUN_START run_id=scrape_20260907_112600 channel=scraping limit=None dry_run=False
2026-09-07 16:56:00 INFO PAGE_REQUEST directory=CANACINTRA status=200
2026-09-07 16:56:00 INFO EXTRACTION_COMPLETED directory=CANACINTRA companies=2 invalid=0
2026-09-07 16:56:00 INFO PAGE_REQUEST directory=AMCHAM status=200
2026-09-07 16:56:00 INFO EXTRACTION_COMPLETED directory=AMCHAM companies=2 invalid=0
2026-09-07 16:56:00 INFO PAGE_REQUEST directory=COSMOS status=200
2026-09-07 16:56:00 INFO EXTRACTION_COMPLETED directory=COSMOS companies=2 invalid=0
2026-09-07 16:56:00 INFO PAGE_REQUEST directory=QUIMINET status=200
2026-09-07 16:56:00 INFO EXTRACTION_COMPLETED directory=QUIMINET companies=2 invalid=0
2026-09-07 16:56:00 INFO PAGE_REQUEST directory=SECCION_AMARILLA status=200
2026-09-07 16:56:00 INFO EXTRACTION_COMPLETED directory=SECCION_AMARILLA companies=2 invalid=0
2026-09-07 16:56:00 INFO DEDUPLICATION_COMPLETED input=10 duplicates=0 final=10
2026-09-07 16:56:00 INFO RUN_COMPLETE run_id=scrape_20260907_112600 companies=10 people=4 duration_seconds=0.02
2026-09-07 16:58:22 INFO RUN_START run_id=scrape_20260907_112822 channel=scraping limit=5000 dry_run=False
2026-09-07 16:58:22 INFO PAGE_REQUEST directory=CANACINTRA status=200
2026-09-07 16:58:22 INFO EXTRACTION_COMPLETED directory=CANACINTRA companies=2 invalid=0
2026-09-07 16:58:22 INFO PAGE_REQUEST directory=AMCHAM status=200
2026-09-07 16:58:22 INFO EXTRACTION_COMPLETED directory=AMCHAM companies=2 invalid=0
2026-09-07 16:58:22 INFO PAGE_REQUEST directory=COSMOS status=200
2026-09-07 16:58:22 INFO EXTRACTION_COMPLETED directory=COSMOS companies=2 invalid=0
2026-09-07 16:58:22 INFO PAGE_REQUEST directory=QUIMINET status=200
2026-09-07 16:58:22 INFO EXTRACTION_COMPLETED directory=QUIMINET companies=2 invalid=0
2026-09-07 16:58:22 INFO PAGE_REQUEST directory=SECCION_AMARILLA status=200
2026-09-07 16:58:22 INFO EXTRACTION_COMPLETED directory=SECCION_AMARILLA companies=2 invalid=0
2026-09-07 16:58:22 INFO DEDUPLICATION_COMPLETED input=10 duplicates=0 final=10
2026-09-07 16:58:22 INFO RUN_COMPLETE run_id=scrape_20260907_112822 companies=10 people=4 duration_seconds=0.02
2026-09-07 16:58:28 INFO RUN_START run_id=scrape_20260907_112828 channel=scraping limit=5000 dry_run=False
2026-09-07 16:58:28 INFO PAGE_REQUEST directory=CANACINTRA status=200
2026-09-07 16:58:28 INFO EXTRACTION_COMPLETED directory=CANACINTRA companies=2 invalid=0
2026-09-07 16:58:28 INFO PAGE_REQUEST directory=AMCHAM status=200
2026-09-07 16:58:28 INFO EXTRACTION_COMPLETED directory=AMCHAM companies=2 invalid=0
2026-09-07 16:58:28 INFO PAGE_REQUEST directory=COSMOS status=200
2026-09-07 16:58:28 INFO EXTRACTION_COMPLETED directory=COSMOS companies=2 invalid=0
2026-09-07 16:58:28 INFO PAGE_REQUEST directory=QUIMINET status=200
2026-09-07 16:58:28 INFO EXTRACTION_COMPLETED directory=QUIMINET companies=2 invalid=0
2026-09-07 16:58:28 INFO PAGE_REQUEST directory=SECCION_AMARILLA status=200
2026-09-07 16:58:28 INFO EXTRACTION_COMPLETED directory=SECCION_AMARILLA companies=2 invalid=0
2026-09-07 16:58:28 INFO DEDUPLICATION_COMPLETED input=10 duplicates=0 final=10
2026-09-07 16:58:28 INFO RUN_COMPLETE run_id=scrape_20260907_112828 companies=10 people=4 duration_seconds=0.02
2026-09-07 16:59:47 INFO RUN_START run_id=scrape_20260907_112947 channel=scraping limit=50000 dry_run=False
2026-09-07 16:59:47 INFO PAGE_REQUEST directory=CANACINTRA status=200
2026-09-07 16:59:47 INFO EXTRACTION_COMPLETED directory=CANACINTRA companies=2 invalid=0
2026-09-07 16:59:47 INFO PAGE_REQUEST directory=AMCHAM status=200
2026-09-07 16:59:47 INFO EXTRACTION_COMPLETED directory=AMCHAM companies=2 invalid=0
2026-09-07 16:59:47 INFO PAGE_REQUEST directory=COSMOS status=200
2026-09-07 16:59:47 INFO EXTRACTION_COMPLETED directory=COSMOS companies=2 invalid=0
2026-09-07 16:59:47 INFO PAGE_REQUEST directory=QUIMINET status=200
2026-09-07 16:59:47 INFO EXTRACTION_COMPLETED directory=QUIMINET companies=2 invalid=0
2026-09-07 16:59:47 INFO PAGE_REQUEST directory=SECCION_AMARILLA status=200
2026-09-07 16:59:47 INFO EXTRACTION_COMPLETED directory=SECCION_AMARILLA companies=2 invalid=0
2026-09-07 16:59:47 INFO DEDUPLICATION_COMPLETED input=10 duplicates=0 final=10
2026-09-07 16:59:47 INFO RUN_COMPLETE run_id=scrape_20260907_112947 companies=10 people=4 duration_seconds=0.02
2026-09-07 16:59:57 INFO RUN_START run_id=scrape_20260907_112957 channel=scraping limit=20000 dry_run=False
2026-09-07 16:59:57 INFO PAGE_REQUEST directory=CANACINTRA status=200
2026-09-07 16:59:57 INFO EXTRACTION_COMPLETED directory=CANACINTRA companies=2 invalid=0
2026-09-07 16:59:57 INFO PAGE_REQUEST directory=AMCHAM status=200
2026-09-07 16:59:57 INFO EXTRACTION_COMPLETED directory=AMCHAM companies=2 invalid=0
2026-09-07 16:59:57 INFO PAGE_REQUEST directory=COSMOS status=200
2026-09-07 16:59:57 INFO EXTRACTION_COMPLETED directory=COSMOS companies=2 invalid=0
2026-09-07 16:59:57 INFO PAGE_REQUEST directory=QUIMINET status=200
2026-09-07 16:59:57 INFO EXTRACTION_COMPLETED directory=QUIMINET companies=2 invalid=0
2026-09-07 16:59:57 INFO PAGE_REQUEST directory=SECCION_AMARILLA status=200
2026-09-07 16:59:57 INFO EXTRACTION_COMPLETED directory=SECCION_AMARILLA companies=2 invalid=0
2026-09-07 16:59:57 INFO DEDUPLICATION_COMPLETED input=10 duplicates=0 final=10
2026-09-07 16:59:57 INFO RUN_COMPLETE run_id=scrape_20260907_112957 companies=10 people=4 duration_seconds=0.01
2026-09-07 17:06:39 INFO RUN_START run_id=scrape_20260907_113639 channel=scraping limit=5 dry_run=False
2026-09-07 17:06:39 INFO PAGE_REQUEST directory=CANACINTRA status=200
2026-09-07 17:06:39 INFO EXTRACTION_COMPLETED directory=CANACINTRA companies=5 invalid=0
2026-09-07 17:06:39 INFO PAGE_REQUEST directory=AMCHAM status=200
2026-09-07 17:06:39 INFO EXTRACTION_COMPLETED directory=AMCHAM companies=5 invalid=0
2026-09-07 17:06:39 INFO PAGE_REQUEST directory=COSMOS status=200
2026-09-07 17:06:39 INFO EXTRACTION_COMPLETED directory=COSMOS companies=5 invalid=0
2026-09-07 17:06:39 INFO PAGE_REQUEST directory=QUIMINET status=200
2026-09-07 17:06:39 INFO EXTRACTION_COMPLETED directory=QUIMINET companies=5 invalid=0
2026-09-07 17:06:39 INFO PAGE_REQUEST directory=SECCION_AMARILLA status=200
2026-09-07 17:06:39 INFO EXTRACTION_COMPLETED directory=SECCION_AMARILLA companies=5 invalid=0
2026-09-07 17:06:39 INFO DEDUPLICATION_COMPLETED input=25 duplicates=0 final=25
2026-09-07 17:06:39 INFO RUN_COMPLETE run_id=scrape_20260907_113639 companies=25 people=19 duration_seconds=0.01
2026-09-07 17:06:40 INFO RUN_START run_id=scrape_20260907_113640 channel=scraping limit=5 dry_run=False
2026-09-07 17:06:40 INFO PAGE_REQUEST directory=CANACINTRA status=200
2026-09-07 17:06:40 INFO EXTRACTION_COMPLETED directory=CANACINTRA companies=5 invalid=0
2026-09-07 17:06:40 INFO PAGE_REQUEST directory=AMCHAM status=200
2026-09-07 17:06:40 INFO EXTRACTION_COMPLETED directory=AMCHAM companies=5 invalid=0
2026-09-07 17:06:40 INFO PAGE_REQUEST directory=COSMOS status=200
2026-09-07 17:06:40 INFO EXTRACTION_COMPLETED directory=COSMOS companies=5 invalid=0
2026-09-07 17:06:40 INFO PAGE_REQUEST directory=QUIMINET status=200
2026-09-07 17:06:40 INFO EXTRACTION_COMPLETED directory=QUIMINET companies=5 invalid=0
2026-09-07 17:06:40 INFO PAGE_REQUEST directory=SECCION_AMARILLA status=200
2026-09-07 17:06:40 INFO EXTRACTION_COMPLETED directory=SECCION_AMARILLA companies=5 invalid=0
2026-09-07 17:06:40 INFO DEDUPLICATION_COMPLETED input=25 duplicates=0 final=25
2026-09-07 17:06:40 INFO RUN_COMPLETE run_id=scrape_20260907_113640 companies=25 people=19 duration_seconds=0.01
2026-09-07 17:06:50 INFO RUN_START run_id=scrape_20260907_113650 channel=scraping limit=500 dry_run=False
2026-09-07 17:06:50 INFO PAGE_REQUEST directory=CANACINTRA status=200
2026-09-07 17:06:50 INFO EXTRACTION_COMPLETED directory=CANACINTRA companies=500 invalid=0
2026-09-07 17:06:50 INFO PAGE_REQUEST directory=AMCHAM status=200
2026-09-07 17:06:50 INFO EXTRACTION_COMPLETED directory=AMCHAM companies=500 invalid=0
2026-09-07 17:06:50 INFO PAGE_REQUEST directory=COSMOS status=200
2026-09-07 17:06:50 INFO EXTRACTION_COMPLETED directory=COSMOS companies=500 invalid=0
2026-09-07 17:06:50 INFO PAGE_REQUEST directory=QUIMINET status=200
2026-09-07 17:06:50 INFO EXTRACTION_COMPLETED directory=QUIMINET companies=500 invalid=0
2026-09-07 17:06:50 INFO PAGE_REQUEST directory=SECCION_AMARILLA status=200
2026-09-07 17:06:50 INFO EXTRACTION_COMPLETED directory=SECCION_AMARILLA companies=500 invalid=0
2026-09-07 17:06:50 INFO DEDUPLICATION_COMPLETED input=2500 duplicates=192 final=2308
2026-09-07 17:06:51 INFO RUN_COMPLETE run_id=scrape_20260907_113650 companies=2308 people=2451 duration_seconds=0.4
2026-09-07 17:07:08 INFO RUN_START run_id=scrape_20260907_113708 channel=scraping limit=1000 dry_run=False
2026-09-07 17:07:08 INFO PAGE_REQUEST directory=CANACINTRA status=200
2026-09-07 17:07:08 INFO EXTRACTION_COMPLETED directory=CANACINTRA companies=1000 invalid=0
2026-09-07 17:07:08 INFO PAGE_REQUEST directory=AMCHAM status=200
2026-09-07 17:07:08 INFO EXTRACTION_COMPLETED directory=AMCHAM companies=1000 invalid=0
2026-09-07 17:07:08 INFO PAGE_REQUEST directory=COSMOS status=200
2026-09-07 17:07:08 INFO EXTRACTION_COMPLETED directory=COSMOS companies=1000 invalid=0
2026-09-07 17:07:08 INFO PAGE_REQUEST directory=QUIMINET status=200
2026-09-07 17:07:08 INFO EXTRACTION_COMPLETED directory=QUIMINET companies=1000 invalid=0
2026-09-07 17:07:08 INFO PAGE_REQUEST directory=SECCION_AMARILLA status=200
2026-09-07 17:07:08 INFO EXTRACTION_COMPLETED directory=SECCION_AMARILLA companies=1000 invalid=0
2026-09-07 17:07:09 INFO DEDUPLICATION_COMPLETED input=5000 duplicates=558 final=4442
2026-09-07 17:07:09 INFO RUN_COMPLETE run_id=scrape_20260907_113708 companies=4442 people=4840 duration_seconds=0.93
2026-09-07 17:07:46 INFO RUN_START run_id=scrape_20260907_113746 channel=scraping limit=5000 dry_run=False
2026-09-07 17:07:46 INFO PAGE_REQUEST directory=CANACINTRA status=200
2026-09-07 17:07:46 INFO EXTRACTION_COMPLETED directory=CANACINTRA companies=5000 invalid=0
2026-09-07 17:07:46 INFO PAGE_REQUEST directory=AMCHAM status=200
2026-09-07 17:07:47 INFO EXTRACTION_COMPLETED directory=AMCHAM companies=5000 invalid=0
2026-09-07 17:07:47 INFO PAGE_REQUEST directory=COSMOS status=200
2026-09-07 17:07:47 INFO EXTRACTION_COMPLETED directory=COSMOS companies=5000 invalid=0
2026-09-07 17:07:48 INFO PAGE_REQUEST directory=QUIMINET status=200
2026-09-07 17:07:48 INFO EXTRACTION_COMPLETED directory=QUIMINET companies=5000 invalid=0
2026-09-07 17:07:49 INFO PAGE_REQUEST directory=SECCION_AMARILLA status=200
2026-09-07 17:07:49 INFO EXTRACTION_COMPLETED directory=SECCION_AMARILLA companies=5000 invalid=0
2026-09-07 17:07:52 INFO DEDUPLICATION_COMPLETED input=25000 duplicates=13286 final=11714
2026-09-07 17:07:54 INFO RUN_COMPLETE run_id=scrape_20260907_113746 companies=11714 people=20261 duration_seconds=6.5
2026-09-16 18:16:46 INFO RUN_START run_id=scrape_20260916_124646 channel=scraping limit=5 dry_run=False
2026-09-16 18:16:46 INFO PAGE_REQUEST directory=CANACINTRA status=200
2026-09-16 18:16:46 INFO EXTRACTION_COMPLETED directory=CANACINTRA companies=5 invalid=0
2026-09-16 18:16:46 INFO PAGE_REQUEST directory=AMCHAM status=200
2026-09-16 18:16:46 INFO EXTRACTION_COMPLETED directory=AMCHAM companies=5 invalid=0
2026-09-16 18:16:46 INFO PAGE_REQUEST directory=COSMOS status=200
2026-09-16 18:16:46 INFO EXTRACTION_COMPLETED directory=COSMOS companies=5 invalid=0
2026-09-16 18:16:46 INFO PAGE_REQUEST directory=QUIMINET status=200
2026-09-16 18:16:46 INFO EXTRACTION_COMPLETED directory=QUIMINET companies=5 invalid=0
2026-09-16 18:16:46 INFO PAGE_REQUEST directory=SECCION_AMARILLA status=200
2026-09-16 18:16:46 INFO EXTRACTION_COMPLETED directory=SECCION_AMARILLA companies=5 invalid=0
2026-09-16 18:16:46 INFO DEDUPLICATION_COMPLETED input=25 duplicates=0 final=25
2026-09-16 18:16:46 INFO RUN_COMPLETE run_id=scrape_20260916_124646 companies=25 people=19 duration_seconds=0.01
2026-09-16 18:16:48 INFO RUN_START run_id=scrape_20260916_124648 channel=scraping limit=5 dry_run=False
2026-09-16 18:16:48 INFO PAGE_REQUEST directory=CANACINTRA status=200
2026-09-16 18:16:48 INFO EXTRACTION_COMPLETED directory=CANACINTRA companies=5 invalid=0
2026-09-16 18:16:48 INFO PAGE_REQUEST directory=AMCHAM status=200
2026-09-16 18:16:48 INFO EXTRACTION_COMPLETED directory=AMCHAM companies=5 invalid=0
2026-09-16 18:16:48 INFO PAGE_REQUEST directory=COSMOS status=200
2026-09-16 18:16:48 INFO EXTRACTION_COMPLETED directory=COSMOS companies=5 invalid=0
2026-09-16 18:16:48 INFO PAGE_REQUEST directory=QUIMINET status=200
2026-09-16 18:16:48 INFO EXTRACTION_COMPLETED directory=QUIMINET companies=5 invalid=0
2026-09-16 18:16:48 INFO PAGE_REQUEST directory=SECCION_AMARILLA status=200
2026-09-16 18:16:48 INFO EXTRACTION_COMPLETED directory=SECCION_AMARILLA companies=5 invalid=0
2026-09-16 18:16:48 INFO DEDUPLICATION_COMPLETED input=25 duplicates=0 final=25
2026-09-16 18:16:48 INFO RUN_COMPLETE run_id=scrape_20260916_124648 companies=25 people=19 duration_seconds=0.02
2026-09-17 11:56:06 INFO RUN_START run_id=scrape_20260917_062606 channel=scraping limit=5 dry_run=False
2026-09-17 11:56:06 INFO PAGE_REQUEST directory=CANACINTRA status=200
2026-09-17 11:56:06 INFO EXTRACTION_COMPLETED directory=CANACINTRA companies=5 invalid=0
2026-09-17 11:56:06 INFO PAGE_REQUEST directory=AMCHAM status=200
2026-09-17 11:56:06 INFO EXTRACTION_COMPLETED directory=AMCHAM companies=5 invalid=0
2026-09-17 11:56:06 INFO PAGE_REQUEST directory=COSMOS status=200
2026-09-17 11:56:06 INFO EXTRACTION_COMPLETED directory=COSMOS companies=5 invalid=0
2026-09-17 11:56:06 INFO PAGE_REQUEST directory=QUIMINET status=200
2026-09-17 11:56:06 INFO EXTRACTION_COMPLETED directory=QUIMINET companies=5 invalid=0
2026-09-17 11:56:06 INFO PAGE_REQUEST directory=SECCION_AMARILLA status=200
2026-09-17 11:56:06 INFO EXTRACTION_COMPLETED directory=SECCION_AMARILLA companies=5 invalid=0
2026-09-17 11:56:06 INFO DEDUPLICATION_COMPLETED input=25 duplicates=0 final=25
2026-09-17 11:56:06 INFO RUN_COMPLETE run_id=scrape_20260917_062606 companies=25 people=19 duration_seconds=0.01
2026-09-17 11:56:09 INFO RUN_START run_id=scrape_20260917_062609 channel=scraping limit=5 dry_run=False
2026-09-17 11:56:09 INFO PAGE_REQUEST directory=CANACINTRA status=200
2026-09-17 11:56:09 INFO EXTRACTION_COMPLETED directory=CANACINTRA companies=5 invalid=0
2026-09-17 11:56:09 INFO PAGE_REQUEST directory=AMCHAM status=200
2026-09-17 11:56:09 INFO EXTRACTION_COMPLETED directory=AMCHAM companies=5 invalid=0
2026-09-17 11:56:09 INFO PAGE_REQUEST directory=COSMOS status=200
2026-09-17 11:56:09 INFO EXTRACTION_COMPLETED directory=COSMOS companies=5 invalid=0
2026-09-17 11:56:09 INFO PAGE_REQUEST directory=QUIMINET status=200
2026-09-17 11:56:09 INFO EXTRACTION_COMPLETED directory=QUIMINET companies=5 invalid=0
2026-09-17 11:56:09 INFO PAGE_REQUEST directory=SECCION_AMARILLA status=200
2026-09-17 11:56:09 INFO EXTRACTION_COMPLETED directory=SECCION_AMARILLA companies=5 invalid=0
2026-09-17 11:56:09 INFO DEDUPLICATION_COMPLETED input=25 duplicates=0 final=25
2026-09-17 11:56:09 INFO RUN_COMPLETE run_id=scrape_20260917_062609 companies=25 people=19 duration_seconds=0.01
2026-09-17 17:57:58 INFO RUN_START run_id=scrape_20260917_122758 channel=scraping limit=5 dry_run=False
2026-09-17 17:57:58 INFO PAGE_REQUEST directory=CANACINTRA status=200
2026-09-17 17:57:58 INFO EXTRACTION_COMPLETED directory=CANACINTRA companies=5 invalid=0
2026-09-17 17:57:58 INFO PAGE_REQUEST directory=AMCHAM status=200
2026-09-17 17:57:58 INFO EXTRACTION_COMPLETED directory=AMCHAM companies=5 invalid=0
2026-09-17 17:57:58 INFO PAGE_REQUEST directory=COSMOS status=200
2026-09-17 17:57:58 INFO EXTRACTION_COMPLETED directory=COSMOS companies=5 invalid=0
2026-09-17 17:57:58 INFO PAGE_REQUEST directory=QUIMINET status=200
2026-09-17 17:57:58 INFO EXTRACTION_COMPLETED directory=QUIMINET companies=5 invalid=0
2026-09-17 17:57:58 INFO PAGE_REQUEST directory=SECCION_AMARILLA status=200
2026-09-17 17:57:58 INFO EXTRACTION_COMPLETED directory=SECCION_AMARILLA companies=5 invalid=0
2026-09-17 17:57:58 INFO DEDUPLICATION_COMPLETED input=25 duplicates=0 final=25
2026-09-17 17:57:58 INFO RUN_COMPLETE run_id=scrape_20260917_122758 companies=25 people=19 duration_seconds=0.02
2026-09-17 17:58:01 INFO RUN_START run_id=scrape_20260917_122800 channel=scraping limit=5 dry_run=False
2026-09-17 17:58:01 INFO PAGE_REQUEST directory=CANACINTRA status=200
2026-09-17 17:58:01 INFO EXTRACTION_COMPLETED directory=CANACINTRA companies=5 invalid=0
2026-09-17 17:58:01 INFO PAGE_REQUEST directory=AMCHAM status=200
2026-09-17 17:58:01 INFO EXTRACTION_COMPLETED directory=AMCHAM companies=5 invalid=0
2026-09-17 17:58:01 INFO PAGE_REQUEST directory=COSMOS status=200
2026-09-17 17:58:01 INFO EXTRACTION_COMPLETED directory=COSMOS companies=5 invalid=0
2026-09-17 17:58:01 INFO PAGE_REQUEST directory=QUIMINET status=200
2026-09-17 17:58:01 INFO EXTRACTION_COMPLETED directory=QUIMINET companies=5 invalid=0
2026-09-17 17:58:01 INFO PAGE_REQUEST directory=SECCION_AMARILLA status=200
2026-09-17 17:58:01 INFO EXTRACTION_COMPLETED directory=SECCION_AMARILLA companies=5 invalid=0
2026-09-17 17:58:01 INFO DEDUPLICATION_COMPLETED input=25 duplicates=0 final=25
2026-09-17 17:58:01 INFO RUN_COMPLETE run_id=scrape_20260917_122800 companies=25 people=19 duration_seconds=0.02
