2026-09-17 16:53:24 INFO Starting FCC ULS Telecom ingestion
2026-09-17 18:12:33 INFO Starting FCC ULS Telecom ingestion
2026-09-17 18:12:36 INFO FCC ULS keyword=Telecom count=0
2026-09-17 18:12:38 INFO FCC ULS keyword=Wireless count=0
2026-09-17 18:12:40 INFO FCC ULS keyword=Broadcasting count=0
2026-09-17 18:12:40 INFO FCC ULS Telecom ingestion complete total=0
2026-09-17 18:18:52 INFO Starting FCC ULS Telecom ingestion
2026-09-17 18:18:53 INFO FCC ULS keyword=Telecom count=0
2026-09-17 18:18:54 INFO FCC ULS keyword=Wireless count=0
2026-09-17 18:18:55 INFO FCC ULS keyword=Broadcasting count=0
2026-09-17 18:18:55 INFO FCC ULS Telecom ingestion complete total=0
2026-09-18 10:08:45 INFO Starting FCC ULS Telecom ingestion
2026-09-18 10:08:46 INFO FCC ULS keyword=Telecom count=0
2026-09-18 10:08:47 INFO FCC ULS keyword=Wireless count=0
2026-09-18 10:08:51 INFO FCC ULS keyword=Broadcasting count=0
2026-09-18 10:08:51 INFO FCC ULS Telecom ingestion complete total=0
2026-09-18 10:49:12 INFO Starting FCC ULS Telecom ingestion
2026-09-18 10:49:16 INFO FCC ULS keyword=Telecom count=0
2026-09-18 10:49:19 INFO FCC ULS keyword=Wireless count=0
2026-09-18 10:49:28 INFO FCC ULS keyword=Broadcasting count=0
2026-09-18 10:49:28 INFO FCC ULS Telecom ingestion complete total=0
2026-09-18 11:15:01 INFO Starting FCC ULS Telecom ingestion
2026-09-18 11:15:09 INFO FCC ULS keyword=Telecom count=0
2026-09-18 11:15:10 INFO FCC ULS keyword=Wireless count=0
2026-09-18 11:15:14 INFO FCC ULS keyword=Broadcasting count=0
2026-09-18 11:15:14 INFO FCC ULS Telecom ingestion complete total=0
