2026-09-17 13:04:32 INFO === US B2B Pipeline Run us_20260917_073432 === target=20 dry_run=False
2026-09-17 14:05:40 INFO === US B2B Pipeline Run us_20260917_083540 === target=20 dry_run=False
2026-09-17 14:05:51 INFO All sources ingested total_raw=470
2026-09-17 14:05:51 INFO Deduplication done clusters=253 dupes=0
2026-09-17 14:05:51 INFO Quality scoring done valid=0 exported=0
2026-09-17 14:05:51 INFO Executive enrichment done total_people=0
2026-09-17 14:05:51 INFO Exports complete formats=['json', 'xlsx']
2026-09-17 14:05:51 INFO === US B2B Pipeline Complete === companies=0 people=0 elapsed=10.7s
2026-09-17 14:17:34 INFO === US B2B Pipeline Run us_20260917_084734 === target=100 dry_run=False
2026-09-17 14:18:37 INFO All sources ingested total_raw=1470
2026-09-17 14:18:37 INFO Deduplication done clusters=1253 dupes=0
2026-09-17 14:18:37 INFO Quality scoring done valid=499 exported=100
2026-09-17 14:18:37 INFO Executive enrichment done total_people=0
2026-09-17 14:18:37 INFO Exports complete formats=['json', 'xlsx', 'csv']
2026-09-17 14:18:37 INFO === US B2B Pipeline Complete === companies=100 people=0 elapsed=62.6s
2026-09-17 14:25:10 INFO === US B2B Pipeline Run us_20260917_085510 === target=5000 dry_run=False
2026-09-17 14:26:14 INFO === US B2B Pipeline Run us_20260917_085614 === target=100 dry_run=False
2026-09-17 14:26:15 INFO All sources ingested total_raw=4246
2026-09-17 14:26:15 INFO Deduplication done clusters=3783 dupes=0
2026-09-17 14:26:15 INFO Quality scoring done valid=1657 exported=1657
2026-09-17 14:26:15 INFO Executive enrichment done total_people=0
2026-09-17 14:26:15 INFO Exports complete formats=['json']
2026-09-17 14:26:15 INFO === US B2B Pipeline Complete === companies=1657 people=0 elapsed=65.3s
2026-09-17 14:27:03 INFO === US B2B Pipeline Run us_20260917_085703 === target=50 dry_run=False
2026-09-17 14:27:16 INFO All sources ingested total_raw=1470
2026-09-17 14:27:16 INFO Deduplication done clusters=1253 dupes=0
2026-09-17 14:27:16 INFO Quality scoring done valid=499 exported=100
2026-09-17 14:27:16 INFO Executive enrichment done total_people=0
2026-09-17 14:27:16 INFO Exports complete formats=['json']
2026-09-17 14:27:16 INFO === US B2B Pipeline Complete === companies=100 people=0 elapsed=62.2s
2026-09-17 14:28:03 INFO === US B2B Pipeline Run us_20260917_085803 === target=50000 dry_run=False
2026-09-17 14:28:08 INFO All sources ingested total_raw=1470
2026-09-17 14:28:08 INFO Deduplication done clusters=1253 dupes=0
2026-09-17 14:28:08 INFO Quality scoring done valid=499 exported=50
2026-09-17 14:28:08 INFO Executive enrichment done total_people=0
2026-09-17 14:28:08 INFO Exports complete formats=['json']
2026-09-17 14:28:08 INFO === US B2B Pipeline Complete === companies=50 people=0 elapsed=65.0s
2026-09-17 14:33:50 INFO All sources ingested total_raw=20920
2026-09-17 14:33:50 INFO Deduplication done clusters=18431 dupes=2026
2026-09-17 14:33:50 INFO Quality scoring done valid=9937 exported=9937
2026-09-17 14:33:50 INFO Executive enrichment done total_people=0
2026-09-17 14:33:51 INFO Exports complete formats=['json']
2026-09-17 14:33:51 INFO === US B2B Pipeline Complete === companies=9937 people=0 elapsed=347.0s
2026-09-17 14:36:21 INFO === US B2B Pipeline Run us_20260917_090621 === target=50 dry_run=False
2026-09-17 14:37:22 INFO All sources ingested total_raw=1470
2026-09-17 14:37:22 INFO Deduplication done clusters=1253 dupes=0
2026-09-17 14:37:22 INFO Quality scoring done valid=499 exported=50
2026-09-17 14:37:22 INFO Executive enrichment done total_people=100
2026-09-17 14:37:22 INFO Exports complete formats=['json']
2026-09-17 14:37:22 INFO === US B2B Pipeline Complete === companies=50 people=100 elapsed=60.9s
2026-09-17 16:53:15 INFO === US B2B Pipeline Run us_20260917_112315 === target=60 dry_run=False
2026-09-17 16:54:41 INFO === US B2B Pipeline Run us_20260917_112441 === target=60 dry_run=False
2026-09-17 16:54:43 INFO All sources ingested total_raw=750
2026-09-17 16:54:43 INFO Deduplication done clusters=705 dupes=0
2026-09-17 16:54:43 INFO Quality scoring done valid=205 exported=60
2026-09-17 16:54:43 INFO Executive enrichment done total_people=120
2026-09-17 16:54:43 INFO Exports complete formats=['json']
2026-09-17 16:54:43 INFO === US B2B Pipeline Complete === companies=60 people=120 elapsed=2.2s
2026-09-17 17:41:32 INFO === US B2B Pipeline Run us_20260917_121132 === target=60 dry_run=False
2026-09-17 18:11:12 INFO === US B2B Pipeline Run us_20260917_124112 === target=100000 dry_run=False
2026-09-17 18:11:38 INFO All sources ingested total_raw=0
2026-09-17 18:11:38 INFO Deduplication done clusters=0 dupes=0
2026-09-17 18:11:38 INFO Quality scoring done valid=0 exported=0
2026-09-17 18:11:38 INFO Executive enrichment done total_people=0
2026-09-17 18:11:38 INFO Exports complete formats=['json']
2026-09-17 18:11:38 INFO === US B2B Pipeline Complete === companies=0 people=0 elapsed=26.2s
2026-09-17 18:11:58 INFO === US B2B Pipeline Run us_20260917_124158 === target=1000 dry_run=False
2026-09-17 18:18:20 INFO === US B2B Pipeline Run us_20260917_124820 === target=60 dry_run=False
2026-09-17 18:18:55 INFO All sources ingested total_raw=1720
2026-09-17 18:18:55 INFO Deduplication done clusters=1458 dupes=0
2026-09-17 18:18:55 INFO Quality scoring done valid=704 exported=60
2026-09-17 18:18:55 INFO Executive enrichment done total_people=120
2026-09-17 18:18:55 INFO Exports complete formats=['json']
2026-09-17 18:18:55 INFO === US B2B Pipeline Complete === companies=60 people=120 elapsed=35.5s
2026-09-17 18:20:29 INFO === US B2B Pipeline Run us_20260917_125029 === target=500000 dry_run=False
2026-09-18 01:22:48 INFO === US B2B Pipeline Run us_20260917_195248 === target=100 dry_run=True
2026-09-18 10:07:17 INFO === US B2B Pipeline Run us_20260918_043717 === target=100 dry_run=False
2026-09-18 10:24:48 INFO === US B2B Pipeline Run us_20260918_045448 === target=500000 dry_run=False
2026-09-18 10:38:07 INFO === US B2B Pipeline Run us_20260918_050807 === target=10 dry_run=True
2026-09-18 10:38:20 INFO All sources ingested total_raw=750
2026-09-18 10:38:20 INFO Deduplication done clusters=705 dupes=0
2026-09-18 10:38:20 INFO Quality scoring done valid=205 exported=10
2026-09-18 10:38:20 INFO Executive enrichment done total_people=20
2026-09-18 10:38:20 INFO === US B2B Pipeline Complete === companies=10 people=20 elapsed=12.9s
2026-09-18 10:43:39 INFO === US B2B Pipeline Run us_20260918_051339 === target=5000 dry_run=False
2026-09-18 10:44:47 INFO All sources ingested total_raw=3920
2026-09-18 10:44:47 INFO Deduplication done clusters=3396 dupes=1
2026-09-18 10:44:47 INFO Quality scoring done valid=1687 exported=1687
2026-09-18 10:44:47 INFO Executive enrichment done total_people=3374
2026-09-18 10:44:48 INFO Exports complete formats=['json']
2026-09-18 10:44:48 INFO === US B2B Pipeline Complete === companies=1687 people=3374 elapsed=68.3s
2026-09-18 11:13:21 INFO === US B2B Pipeline Run us_20260918_054321 === target=5000 dry_run=False
2026-09-18 11:22:05 INFO === US B2B Pipeline Run us_20260918_055205 === target=1000 dry_run=False
2026-09-18 11:22:26 INFO All sources ingested total_raw=1720
2026-09-18 11:22:26 INFO Deduplication done clusters=1458 dupes=0
2026-09-18 11:22:26 INFO Quality scoring done valid=704 exported=704
2026-09-18 11:22:26 INFO Executive enrichment done total_people=1408
2026-09-18 11:22:26 INFO Exports complete formats=['json']
2026-09-18 11:22:26 INFO === US B2B Pipeline Complete === companies=704 people=1408 elapsed=21.7s
2026-09-18 13:25:14 INFO === US B2B Pipeline Run us_20260918_075514 === target=10000 dry_run=False
2026-09-18 13:26:38 INFO All sources ingested total_raw=6420
2026-09-18 13:26:38 INFO Deduplication done clusters=5893 dupes=4
2026-09-18 13:26:38 INFO Quality scoring done valid=2931 exported=2931
2026-09-18 13:26:38 INFO Executive enrichment done total_people=5862
2026-09-18 13:26:39 INFO Exports complete formats=['json']
2026-09-18 13:26:39 INFO === US B2B Pipeline Complete === companies=2931 people=5862 elapsed=83.7s
2026-09-18 15:14:10 INFO === US B2B Pipeline Run us_20260918_094410 === target=1000 dry_run=False
2026-09-18 15:14:49 INFO All sources ingested total_raw=1720
2026-09-18 15:14:49 INFO Deduplication done clusters=1458 dupes=0
2026-09-18 15:14:49 INFO Quality scoring done valid=704 exported=704
2026-09-18 15:14:50 INFO Executive enrichment done total_people=1408
2026-09-18 15:14:50 INFO Exports complete formats=['json']
2026-09-18 15:14:50 INFO === US B2B Pipeline Complete === companies=704 people=1408 elapsed=39.1s
2026-09-18 15:49:39 INFO === US B2B Pipeline Run us_20260918_101939 === target=50 dry_run=False
2026-09-18 15:50:01 INFO All sources ingested total_raw=1720
2026-09-18 15:50:01 INFO Deduplication done clusters=1458 dupes=0
2026-09-18 15:50:01 INFO Quality scoring done valid=704 exported=50
2026-09-18 15:50:01 INFO Executive enrichment done total_people=100
2026-09-18 15:50:01 INFO Exports complete formats=['json']
2026-09-18 15:50:01 INFO === US B2B Pipeline Complete === companies=50 people=100 elapsed=22.5s
2026-09-18 15:50:44 INFO === US B2B Pipeline Run us_20260918_102044 === target=100 dry_run=False
2026-09-18 15:51:02 INFO All sources ingested total_raw=0
2026-09-18 15:51:02 INFO Deduplication done clusters=0 dupes=0
2026-09-18 15:51:02 INFO Quality scoring done valid=0 exported=0
2026-09-18 15:51:02 INFO Executive enrichment done total_people=0
2026-09-18 15:51:02 INFO Exports complete formats=['json']
2026-09-18 15:51:02 INFO === US B2B Pipeline Complete === companies=0 people=0 elapsed=17.6s
2026-09-18 15:56:20 INFO === US B2B Pipeline Run us_20260918_102620 === target=100 dry_run=False
2026-09-18 15:56:38 INFO All sources ingested total_raw=0
2026-09-18 15:56:38 INFO Deduplication done clusters=0 dupes=0
2026-09-18 15:56:38 INFO Quality scoring done valid=0 exported=0
2026-09-18 15:56:38 INFO Executive enrichment done total_people=0
2026-09-18 15:56:38 INFO Exports complete formats=['json']
2026-09-18 15:56:38 INFO === US B2B Pipeline Complete === companies=0 people=0 elapsed=18.8s
2026-09-18 16:17:59 INFO All sources ingested total_raw=67583
2026-09-18 16:18:00 INFO Deduplication done clusters=63854 dupes=3206
2026-09-18 16:18:01 INFO Quality scoring done valid=55155 exported=55155
2026-09-18 16:18:05 INFO Executive enrichment done total_people=110310
2026-09-18 16:18:19 INFO Exports complete formats=['json']
2026-09-18 16:18:19 INFO === US B2B Pipeline Complete === companies=55155 people=110310 elapsed=21197.4s
2026-09-18 17:36:56 INFO === US B2B Pipeline Run us_20260918_120656 === target=5000 dry_run=False
2026-09-18 17:37:01 INFO === US B2B Pipeline Run us_20260918_120701 === target=100 dry_run=True
2026-09-18 17:37:16 INFO All sources ingested total_raw=500
2026-09-18 17:37:16 INFO Deduplication done clusters=500 dupes=0
2026-09-18 17:37:16 INFO Quality scoring done valid=0 exported=0
2026-09-18 17:37:16 INFO Executive enrichment done total_people=0
2026-09-18 17:37:16 INFO === US B2B Pipeline Complete === companies=0 people=0 elapsed=14.9s
2026-09-18 17:39:55 INFO All sources ingested total_raw=2513
2026-09-18 17:39:55 INFO Deduplication done clusters=2256 dupes=0
2026-09-18 17:39:55 INFO Quality scoring done valid=1185 exported=1185
2026-09-18 17:39:55 INFO Executive enrichment done total_people=2370
2026-09-18 17:39:55 INFO Exports complete formats=['json']
2026-09-18 17:39:55 INFO === US B2B Pipeline Complete === companies=1185 people=2370 elapsed=178.5s
2026-09-18 17:40:21 INFO === US B2B Pipeline Run us_20260918_121021 === target=500 dry_run=False real_data_only=True
2026-09-18 17:40:22 INFO All sources ingested total_raw=500
2026-09-18 17:40:22 INFO Deduplication done clusters=500 dupes=0
2026-09-18 17:40:22 INFO Quality scoring done valid=0 exported=0
2026-09-18 17:40:22 INFO Executive enrichment done total_people=0
2026-09-18 17:40:22 INFO Exports complete formats=['json'] suffix=_real_data_only
2026-09-18 17:40:22 INFO === US B2B Pipeline Complete === companies=0 people=0 elapsed=1.2s
2026-09-18 17:48:12 INFO === US B2B Pipeline Run us_20260918_121812 === target=500 dry_run=False real_data_only=True
2026-09-18 17:48:13 INFO All sources ingested total_raw=500
2026-09-18 17:48:13 INFO Deduplication done clusters=500 dupes=0
2026-09-18 17:48:13 INFO Quality scoring done valid=500 exported=500 real_data_only=True
2026-09-18 17:48:13 INFO Executive enrichment done total_people=1000
2026-09-18 17:48:13 INFO Exports complete formats=['json'] suffix=_real_data_only
2026-09-18 17:48:13 INFO === US B2B Pipeline Complete === companies=500 people=1000 elapsed=1.1s
2026-09-18 17:52:24 INFO === US B2B Pipeline Run us_20260918_122224 === target=1000 dry_run=False real_data_only=True
2026-09-18 17:53:37 INFO All sources ingested total_raw=1720
2026-09-18 17:53:37 INFO Deduplication done clusters=1458 dupes=0
2026-09-18 17:53:37 INFO Quality scoring done valid=1458 exported=1000 real_data_only=True
2026-09-18 17:53:37 INFO Executive enrichment done total_people=2000
2026-09-18 17:53:37 INFO Exports complete formats=['json'] suffix=_real_data_only
2026-09-18 17:53:37 INFO === US B2B Pipeline Complete === companies=1000 people=2000 elapsed=72.3s
2026-09-18 17:53:40 INFO === US B2B Pipeline Run us_20260918_122340 === target=1000 dry_run=False real_data_only=True
2026-09-18 17:53:41 INFO All sources ingested total_raw=1000
2026-09-18 17:53:41 INFO Deduplication done clusters=1000 dupes=0
2026-09-18 17:53:41 INFO Quality scoring done valid=1000 exported=1000 real_data_only=True
2026-09-18 17:53:41 INFO Executive enrichment done total_people=2000
2026-09-18 17:53:41 INFO Exports complete formats=['json'] suffix=_real_data_only
2026-09-18 17:53:41 INFO === US B2B Pipeline Complete === companies=1000 people=2000 elapsed=1.1s
2026-09-18 18:03:17 INFO === US B2B Pipeline Run us_20260918_123317 === target=1000 dry_run=False real_data_only=True
2026-09-18 18:03:33 INFO All sources ingested total_raw=0
2026-09-18 18:03:33 INFO Deduplication done clusters=0 dupes=0
2026-09-18 18:03:33 INFO Quality scoring done valid=0 exported=0 real_data_only=True
2026-09-18 18:03:33 INFO Executive enrichment done total_people=0
2026-09-18 18:03:33 INFO Exports complete formats=['json'] suffix=_real_data_only
2026-09-18 18:03:33 INFO === US B2B Pipeline Complete === companies=0 people=0 elapsed=15.9s
