2026-09-17 14:18:10 INFO Starting OpenCorporates ingestion
2026-09-17 14:18:12 INFO OpenCorporates state=ca count=0
2026-09-17 14:18:13 INFO OpenCorporates state=tx count=0
2026-09-17 14:18:15 INFO OpenCorporates state=ny count=0
2026-09-17 14:18:16 INFO OpenCorporates state=fl count=0
2026-09-17 14:18:17 INFO OpenCorporates state=il count=0
2026-09-17 14:18:19 INFO OpenCorporates state=pa count=0
2026-09-17 14:18:20 INFO OpenCorporates state=oh count=0
2026-09-17 14:18:21 INFO OpenCorporates state=ga count=0
2026-09-17 14:18:23 INFO OpenCorporates state=nc count=0
2026-09-17 14:18:24 INFO OpenCorporates state=mi count=0
2026-09-17 14:18:25 INFO OpenCorporates state=nj count=0
2026-09-17 14:18:27 INFO OpenCorporates state=va count=0
2026-09-17 14:18:28 INFO OpenCorporates state=wa count=0
2026-09-17 14:18:29 INFO OpenCorporates state=az count=0
2026-09-17 14:18:30 INFO OpenCorporates state=ma count=0
2026-09-17 14:18:31 INFO OpenCorporates state=tn count=0
2026-09-17 14:18:33 INFO OpenCorporates state=in count=0
2026-09-17 14:18:34 INFO OpenCorporates state=mo count=0
2026-09-17 14:18:35 INFO OpenCorporates state=md count=0
2026-09-17 14:18:37 INFO OpenCorporates state=wi count=0
2026-09-17 14:18:37 INFO OpenCorporates ingestion complete total=0
2026-09-17 14:26:49 INFO Starting OpenCorporates ingestion
2026-09-17 14:26:51 INFO OpenCorporates state=ca count=0
2026-09-17 14:26:53 INFO OpenCorporates state=tx count=0
2026-09-17 14:26:54 INFO OpenCorporates state=ny count=0
2026-09-17 14:26:55 INFO OpenCorporates state=fl count=0
2026-09-17 14:26:57 INFO OpenCorporates state=il count=0
2026-09-17 14:26:59 INFO OpenCorporates state=pa count=0
2026-09-17 14:27:00 INFO OpenCorporates state=oh count=0
2026-09-17 14:27:01 INFO OpenCorporates state=ga count=0
2026-09-17 14:27:02 INFO OpenCorporates state=nc count=0
2026-09-17 14:27:04 INFO OpenCorporates state=mi count=0
2026-09-17 14:27:05 INFO OpenCorporates state=nj count=0
2026-09-17 14:27:06 INFO OpenCorporates state=va count=0
2026-09-17 14:27:08 INFO OpenCorporates state=wa count=0
2026-09-17 14:27:09 INFO OpenCorporates state=az count=0
2026-09-17 14:27:10 INFO OpenCorporates state=ma count=0
2026-09-17 14:27:11 INFO OpenCorporates state=tn count=0
2026-09-17 14:27:13 INFO OpenCorporates state=in count=0
2026-09-17 14:27:14 INFO OpenCorporates state=mo count=0
2026-09-17 14:27:15 INFO OpenCorporates state=md count=0
2026-09-17 14:27:16 INFO OpenCorporates state=wi count=0
2026-09-17 14:27:16 INFO OpenCorporates ingestion complete total=0
2026-09-17 14:27:40 INFO Starting OpenCorporates ingestion
2026-09-17 14:27:43 INFO OpenCorporates state=ca count=0
2026-09-17 14:27:45 INFO OpenCorporates state=tx count=0
2026-09-17 14:27:46 INFO OpenCorporates state=ny count=0
2026-09-17 14:27:47 INFO OpenCorporates state=fl count=0
2026-09-17 14:27:49 INFO OpenCorporates state=il count=0
2026-09-17 14:27:50 INFO OpenCorporates state=pa count=0
2026-09-17 14:27:51 INFO OpenCorporates state=oh count=0
2026-09-17 14:27:53 INFO OpenCorporates state=ga count=0
2026-09-17 14:27:54 INFO OpenCorporates state=nc count=0
2026-09-17 14:27:55 INFO OpenCorporates state=mi count=0
2026-09-17 14:27:56 INFO OpenCorporates state=nj count=0
2026-09-17 14:27:58 INFO OpenCorporates state=va count=0
2026-09-17 14:27:59 INFO OpenCorporates state=wa count=0
2026-09-17 14:28:00 INFO OpenCorporates state=az count=0
2026-09-17 14:28:02 INFO OpenCorporates state=ma count=0
2026-09-17 14:28:03 INFO OpenCorporates state=tn count=0
2026-09-17 14:28:04 INFO OpenCorporates state=in count=0
2026-09-17 14:28:05 INFO OpenCorporates state=mo count=0
2026-09-17 14:28:07 INFO OpenCorporates state=md count=0
2026-09-17 14:28:08 INFO OpenCorporates state=wi count=0
2026-09-17 14:28:08 INFO OpenCorporates ingestion complete total=0
2026-09-17 14:33:23 INFO Starting OpenCorporates ingestion
2026-09-17 14:33:25 INFO OpenCorporates state=ca count=0
2026-09-17 14:33:27 INFO OpenCorporates state=tx count=0
2026-09-17 14:33:28 INFO OpenCorporates state=ny count=0
2026-09-17 14:33:29 INFO OpenCorporates state=fl count=0
2026-09-17 14:33:30 INFO OpenCorporates state=il count=0
2026-09-17 14:33:32 INFO OpenCorporates state=pa count=0
2026-09-17 14:33:33 INFO OpenCorporates state=oh count=0
2026-09-17 14:33:34 INFO OpenCorporates state=ga count=0
2026-09-17 14:33:36 INFO OpenCorporates state=nc count=0
2026-09-17 14:33:37 INFO OpenCorporates state=mi count=0
2026-09-17 14:33:38 INFO OpenCorporates state=nj count=0
2026-09-17 14:33:39 INFO OpenCorporates state=va count=0
2026-09-17 14:33:41 INFO OpenCorporates state=wa count=0
2026-09-17 14:33:42 INFO OpenCorporates state=az count=0
2026-09-17 14:33:43 INFO OpenCorporates state=ma count=0
2026-09-17 14:33:45 INFO OpenCorporates state=tn count=0
2026-09-17 14:33:46 INFO OpenCorporates state=in count=0
2026-09-17 14:33:47 INFO OpenCorporates state=mo count=0
2026-09-17 14:33:49 INFO OpenCorporates state=md count=0
2026-09-17 14:33:50 INFO OpenCorporates state=wi count=0
2026-09-17 14:33:50 INFO OpenCorporates ingestion complete total=0
2026-09-17 14:36:56 INFO Starting OpenCorporates ingestion
2026-09-17 14:36:58 INFO OpenCorporates state=ca count=0
2026-09-17 14:36:59 INFO OpenCorporates state=tx count=0
2026-09-17 14:37:01 INFO OpenCorporates state=ny count=0
2026-09-17 14:37:02 INFO OpenCorporates state=fl count=0
2026-09-17 14:37:03 INFO OpenCorporates state=il count=0
2026-09-17 14:37:04 INFO OpenCorporates state=pa count=0
2026-09-17 14:37:06 INFO OpenCorporates state=oh count=0
2026-09-17 14:37:07 INFO OpenCorporates state=ga count=0
2026-09-17 14:37:08 INFO OpenCorporates state=nc count=0
2026-09-17 14:37:09 INFO OpenCorporates state=mi count=0
2026-09-17 14:37:11 INFO OpenCorporates state=nj count=0
2026-09-17 14:37:12 INFO OpenCorporates state=va count=0
2026-09-17 14:37:13 INFO OpenCorporates state=wa count=0
2026-09-17 14:37:14 INFO OpenCorporates state=az count=0
2026-09-17 14:37:16 INFO OpenCorporates state=ma count=0
2026-09-17 14:37:17 INFO OpenCorporates state=tn count=0
2026-09-17 14:37:18 INFO OpenCorporates state=in count=0
2026-09-17 14:37:19 INFO OpenCorporates state=mo count=0
2026-09-17 14:37:20 INFO OpenCorporates state=md count=0
2026-09-17 14:37:22 INFO OpenCorporates state=wi count=0
2026-09-17 14:37:22 INFO OpenCorporates ingestion complete total=0
2026-09-17 18:11:12 INFO Starting OpenCorporates ingestion
2026-09-17 18:11:14 INFO OpenCorporates state=ca count=0
2026-09-17 18:11:15 INFO OpenCorporates state=tx count=0
2026-09-17 18:11:17 INFO OpenCorporates state=ny count=0
2026-09-17 18:11:18 INFO OpenCorporates state=fl count=0
2026-09-17 18:11:20 INFO OpenCorporates state=il count=0
2026-09-17 18:11:21 INFO OpenCorporates state=pa count=0
2026-09-17 18:11:22 INFO OpenCorporates state=oh count=0
2026-09-17 18:11:23 INFO OpenCorporates state=ga count=0
2026-09-17 18:11:25 INFO OpenCorporates state=nc count=0
2026-09-17 18:11:26 INFO OpenCorporates state=mi count=0
2026-09-17 18:11:27 INFO OpenCorporates state=nj count=0
2026-09-17 18:11:28 INFO OpenCorporates state=va count=0
2026-09-17 18:11:30 INFO OpenCorporates state=wa count=0
2026-09-17 18:11:31 INFO OpenCorporates state=az count=0
2026-09-17 18:11:32 INFO OpenCorporates state=ma count=0
2026-09-17 18:11:33 INFO OpenCorporates state=tn count=0
2026-09-17 18:11:34 INFO OpenCorporates state=in count=0
2026-09-17 18:11:36 INFO OpenCorporates state=mo count=0
2026-09-17 18:11:37 INFO OpenCorporates state=md count=0
2026-09-17 18:11:38 INFO OpenCorporates state=wi count=0
2026-09-17 18:11:38 INFO OpenCorporates ingestion complete total=0
2026-09-18 10:08:13 INFO Starting OpenCorporates ingestion
2026-09-18 10:08:18 INFO OpenCorporates state=ca count=0
2026-09-18 10:08:20 INFO OpenCorporates state=tx count=0
2026-09-18 10:08:21 INFO OpenCorporates state=ny count=0
2026-09-18 10:08:22 INFO OpenCorporates state=fl count=0
2026-09-18 10:08:23 INFO OpenCorporates state=il count=0
2026-09-18 10:08:25 INFO OpenCorporates state=pa count=0
2026-09-18 10:08:26 INFO OpenCorporates state=oh count=0
2026-09-18 10:08:27 INFO OpenCorporates state=ga count=0
2026-09-18 10:08:28 INFO OpenCorporates state=nc count=0
2026-09-18 10:08:30 INFO OpenCorporates state=mi count=0
2026-09-18 10:08:31 INFO OpenCorporates state=nj count=0
2026-09-18 10:08:35 INFO OpenCorporates state=va count=0
2026-09-18 10:08:36 INFO OpenCorporates state=wa count=0
2026-09-18 10:08:37 INFO OpenCorporates state=az count=0
2026-09-18 10:08:38 INFO OpenCorporates state=ma count=0
2026-09-18 10:08:40 INFO OpenCorporates state=tn count=0
2026-09-18 10:08:41 INFO OpenCorporates state=in count=0
2026-09-18 10:08:42 INFO OpenCorporates state=mo count=0
2026-09-18 10:08:43 INFO OpenCorporates state=md count=0
2026-09-18 10:08:45 INFO OpenCorporates state=wi count=0
2026-09-18 10:08:45 INFO OpenCorporates ingestion complete total=0
2026-09-18 10:48:37 INFO Starting OpenCorporates ingestion
2026-09-18 10:48:43 INFO OpenCorporates state=ca count=0
2026-09-18 10:48:45 INFO OpenCorporates state=tx count=0
2026-09-18 10:48:46 INFO OpenCorporates state=ny count=0
2026-09-18 10:48:47 INFO OpenCorporates state=fl count=0
2026-09-18 10:48:49 INFO OpenCorporates state=il count=0
2026-09-18 10:48:50 INFO OpenCorporates state=pa count=0
2026-09-18 10:48:51 INFO OpenCorporates state=oh count=0
2026-09-18 10:48:53 INFO OpenCorporates state=ga count=0
2026-09-18 10:48:54 INFO OpenCorporates state=nc count=0
2026-09-18 10:48:55 INFO OpenCorporates state=mi count=0
2026-09-18 10:48:57 INFO OpenCorporates state=nj count=0
2026-09-18 10:48:58 INFO OpenCorporates state=va count=0
2026-09-18 10:48:59 INFO OpenCorporates state=wa count=0
2026-09-18 10:49:00 INFO OpenCorporates state=az count=0
2026-09-18 10:49:03 INFO OpenCorporates state=ma count=0
2026-09-18 10:49:04 INFO OpenCorporates state=tn count=0
2026-09-18 10:49:08 INFO OpenCorporates state=in count=0
2026-09-18 10:49:09 INFO OpenCorporates state=mo count=0
2026-09-18 10:49:11 INFO OpenCorporates state=md count=0
2026-09-18 10:49:12 INFO OpenCorporates state=wi count=0
2026-09-18 10:49:12 INFO OpenCorporates ingestion complete total=0
2026-09-18 11:14:26 INFO Starting OpenCorporates ingestion
2026-09-18 11:14:28 INFO OpenCorporates state=ca count=0
2026-09-18 11:14:29 INFO OpenCorporates state=tx count=0
2026-09-18 11:14:31 INFO OpenCorporates state=ny count=0
2026-09-18 11:14:32 INFO OpenCorporates state=fl count=0
2026-09-18 11:14:33 INFO OpenCorporates state=il count=0
2026-09-18 11:14:35 INFO OpenCorporates state=pa count=0
2026-09-18 11:14:36 INFO OpenCorporates state=oh count=0
2026-09-18 11:14:37 INFO OpenCorporates state=ga count=0
2026-09-18 11:14:41 INFO OpenCorporates state=nc count=0
2026-09-18 11:14:43 INFO OpenCorporates state=mi count=0
2026-09-18 11:14:44 INFO OpenCorporates state=nj count=0
2026-09-18 11:14:45 INFO OpenCorporates state=va count=0
2026-09-18 11:14:46 INFO OpenCorporates state=wa count=0
2026-09-18 11:14:48 INFO OpenCorporates state=az count=0
2026-09-18 11:14:49 INFO OpenCorporates state=ma count=0
2026-09-18 11:14:50 INFO OpenCorporates state=tn count=0
2026-09-18 11:14:51 INFO OpenCorporates state=in count=0
2026-09-18 11:14:53 INFO OpenCorporates state=mo count=0
2026-09-18 11:14:54 INFO OpenCorporates state=md count=0
2026-09-18 11:14:55 INFO OpenCorporates state=wi count=0
2026-09-18 11:14:55 INFO OpenCorporates ingestion complete total=0
2026-09-18 17:39:12 INFO Starting OpenCorporates ingestion
2026-09-18 17:39:14 INFO OpenCorporates state=ca count=0
2026-09-18 17:39:16 INFO OpenCorporates state=tx count=0
2026-09-18 17:39:17 INFO OpenCorporates state=ny count=0
2026-09-18 17:39:18 INFO OpenCorporates state=fl count=0
2026-09-18 17:39:19 INFO OpenCorporates state=il count=0
2026-09-18 17:39:20 INFO OpenCorporates state=pa count=0
2026-09-18 17:39:22 INFO OpenCorporates state=oh count=0
2026-09-18 17:39:23 INFO OpenCorporates state=ga count=0
2026-09-18 17:39:24 INFO OpenCorporates state=nc count=0
2026-09-18 17:39:25 INFO OpenCorporates state=mi count=0
2026-09-18 17:39:27 INFO OpenCorporates state=nj count=0
2026-09-18 17:39:31 INFO OpenCorporates state=va count=0
2026-09-18 17:39:32 INFO OpenCorporates state=wa count=0
2026-09-18 17:39:34 INFO OpenCorporates state=az count=0
2026-09-18 17:39:36 INFO OpenCorporates state=ma count=0
2026-09-18 17:39:37 INFO OpenCorporates state=tn count=0
2026-09-18 17:39:38 INFO OpenCorporates state=in count=0
2026-09-18 17:39:40 INFO OpenCorporates state=mo count=0
2026-09-18 17:39:41 INFO OpenCorporates state=md count=0
2026-09-18 17:39:44 INFO OpenCorporates state=wi count=0
2026-09-18 17:39:44 INFO OpenCorporates ingestion complete total=0
2026-09-18 17:53:03 INFO Starting OpenCorporates ingestion
2026-09-18 17:53:05 INFO OpenCorporates state=ca count=0
2026-09-18 17:53:06 INFO OpenCorporates state=tx count=0
2026-09-18 17:53:07 INFO OpenCorporates state=ny count=0
2026-09-18 17:53:09 INFO OpenCorporates state=fl count=0
2026-09-18 17:53:10 INFO OpenCorporates state=il count=0
2026-09-18 17:53:11 INFO OpenCorporates state=pa count=0
2026-09-18 17:53:13 INFO OpenCorporates state=oh count=0
2026-09-18 17:53:17 INFO OpenCorporates state=ga count=0
2026-09-18 17:53:19 INFO OpenCorporates state=nc count=0
2026-09-18 17:53:20 INFO OpenCorporates state=mi count=0
2026-09-18 17:53:21 INFO OpenCorporates state=nj count=0
2026-09-18 17:53:23 INFO OpenCorporates state=va count=0
2026-09-18 17:53:24 INFO OpenCorporates state=wa count=0
2026-09-18 17:53:25 INFO OpenCorporates state=az count=0
2026-09-18 17:53:27 INFO OpenCorporates state=ma count=0
2026-09-18 17:53:28 INFO OpenCorporates state=tn count=0
2026-09-18 17:53:29 INFO OpenCorporates state=in count=0
2026-09-18 17:53:34 INFO OpenCorporates state=mo count=0
2026-09-18 17:53:35 INFO OpenCorporates state=md count=0
2026-09-18 17:53:36 INFO OpenCorporates state=wi count=0
2026-09-18 17:53:36 INFO OpenCorporates ingestion complete total=0
