2026-09-07 16:46:26 INFO RUN_START run_id=api_20260907_111626 channel=api limit=None dry_run=False
2026-09-07 16:46:26 INFO API_REQUEST endpoint=DENUE status=CONNECTING
2026-09-07 16:46:26 INFO RECORDS_RECEIVED endpoint=DENUE count=50 invalid=0
2026-09-07 16:46:26 INFO API_REQUEST endpoint=SIEM status=CONNECTING
2026-09-07 16:46:26 INFO RECORDS_RECEIVED endpoint=SIEM count=3 invalid=0
2026-09-07 16:46:26 INFO API_REQUEST endpoint=DATOS_GOB status=CONNECTING
2026-09-07 16:46:32 INFO RECORDS_RECEIVED endpoint=DATOS_GOB count=0 invalid=0
2026-09-07 16:46:32 INFO API_REQUEST endpoint=SAT status=CONNECTING
2026-09-07 16:46:32 INFO RECORDS_RECEIVED endpoint=SAT count=2 invalid=0
2026-09-07 16:46:32 INFO API_REQUEST endpoint=SUPPLIER_REGISTRY status=CONNECTING
2026-09-07 16:46:32 INFO RECORDS_RECEIVED endpoint=SUPPLIER_REGISTRY count=3 invalid=0
2026-09-07 16:46:32 INFO DEDUPLICATION_COMPLETED input=58 duplicates=3 final=55
2026-09-07 16:46:32 INFO RUN_COMPLETE run_id=api_20260907_111626 companies=55 people=55 duration_seconds=5.56
2026-09-07 16:47:02 INFO RUN_START run_id=api_20260907_111702 channel=api limit=10 dry_run=False
2026-09-07 16:47:02 INFO API_REQUEST endpoint=DENUE status=CONNECTING
2026-09-07 16:47:02 INFO RECORDS_RECEIVED endpoint=DENUE count=3 invalid=0
2026-09-07 16:47:02 INFO API_REQUEST endpoint=SIEM status=CONNECTING
2026-09-07 16:47:02 INFO RECORDS_RECEIVED endpoint=SIEM count=3 invalid=0
2026-09-07 16:47:02 INFO API_REQUEST endpoint=DATOS_GOB status=CONNECTING
2026-09-07 16:47:08 INFO RECORDS_RECEIVED endpoint=DATOS_GOB count=0 invalid=0
2026-09-07 16:47:08 INFO API_REQUEST endpoint=SAT status=CONNECTING
2026-09-07 16:47:08 INFO RECORDS_RECEIVED endpoint=SAT count=2 invalid=0
2026-09-07 16:47:08 INFO API_REQUEST endpoint=SUPPLIER_REGISTRY status=CONNECTING
2026-09-07 16:47:08 INFO RECORDS_RECEIVED endpoint=SUPPLIER_REGISTRY count=3 invalid=0
2026-09-07 16:47:08 INFO DEDUPLICATION_COMPLETED input=11 duplicates=5 final=6
2026-09-07 16:47:08 INFO RUN_COMPLETE run_id=api_20260907_111702 companies=6 people=5 duration_seconds=6.1
2026-09-07 16:47:42 INFO RUN_START run_id=api_20260907_111742 channel=api limit=5 dry_run=False
2026-09-07 16:47:42 INFO API_REQUEST endpoint=DENUE status=CONNECTING
2026-09-07 16:47:42 INFO RECORDS_RECEIVED endpoint=DENUE count=5 invalid=0
2026-09-07 16:47:42 INFO API_REQUEST endpoint=SIEM status=CONNECTING
2026-09-07 16:47:42 INFO RECORDS_RECEIVED endpoint=SIEM count=3 invalid=0
2026-09-07 16:47:42 INFO API_REQUEST endpoint=DATOS_GOB status=CONNECTING
2026-09-07 16:47:55 INFO RECORDS_RECEIVED endpoint=DATOS_GOB count=0 invalid=0
2026-09-07 16:47:55 INFO API_REQUEST endpoint=SAT status=CONNECTING
2026-09-07 16:47:55 INFO RECORDS_RECEIVED endpoint=SAT count=2 invalid=0
2026-09-07 16:47:55 INFO API_REQUEST endpoint=SUPPLIER_REGISTRY status=CONNECTING
2026-09-07 16:47:55 INFO RECORDS_RECEIVED endpoint=SUPPLIER_REGISTRY count=3 invalid=0
2026-09-07 16:47:55 INFO DEDUPLICATION_COMPLETED input=13 duplicates=3 final=10
2026-09-07 16:47:55 INFO RUN_COMPLETE run_id=api_20260907_111742 companies=10 people=10 duration_seconds=13.19
2026-09-07 16:47:55 INFO RUN_START run_id=api_20260907_111755 channel=api limit=5 dry_run=False
2026-09-07 16:47:55 INFO API_REQUEST endpoint=DENUE status=CONNECTING
2026-09-07 16:47:55 INFO RECORDS_RECEIVED endpoint=DENUE count=5 invalid=0
2026-09-07 16:47:55 INFO API_REQUEST endpoint=SIEM status=CONNECTING
2026-09-07 16:47:55 INFO RECORDS_RECEIVED endpoint=SIEM count=3 invalid=0
2026-09-07 16:47:55 INFO API_REQUEST endpoint=DATOS_GOB status=CONNECTING
2026-09-07 16:48:00 INFO RECORDS_RECEIVED endpoint=DATOS_GOB count=0 invalid=0
2026-09-07 16:48:00 INFO API_REQUEST endpoint=SAT status=CONNECTING
2026-09-07 16:48:00 INFO RECORDS_RECEIVED endpoint=SAT count=2 invalid=0
2026-09-07 16:48:00 INFO API_REQUEST endpoint=SUPPLIER_REGISTRY status=CONNECTING
2026-09-07 16:48:00 INFO RECORDS_RECEIVED endpoint=SUPPLIER_REGISTRY count=3 invalid=0
2026-09-07 16:48:00 INFO DEDUPLICATION_COMPLETED input=13 duplicates=3 final=10
2026-09-07 16:48:00 INFO RUN_COMPLETE run_id=api_20260907_111755 companies=10 people=10 duration_seconds=4.53
2026-09-07 16:48:33 INFO RUN_START run_id=api_20260907_111833 channel=api limit=10 dry_run=False
2026-09-07 16:48:33 INFO API_REQUEST endpoint=DENUE status=CONNECTING
2026-09-07 16:48:33 INFO RECORDS_RECEIVED endpoint=DENUE count=3 invalid=0
2026-09-07 16:48:33 INFO API_REQUEST endpoint=SIEM status=CONNECTING
2026-09-07 16:48:33 INFO RECORDS_RECEIVED endpoint=SIEM count=3 invalid=0
2026-09-07 16:48:33 INFO API_REQUEST endpoint=SAT status=CONNECTING
2026-09-07 16:48:33 INFO RECORDS_RECEIVED endpoint=SAT count=2 invalid=0
2026-09-07 16:48:33 INFO DEDUPLICATION_COMPLETED input=8 duplicates=2 final=6
2026-09-07 16:48:33 INFO RUN_COMPLETE run_id=api_20260907_111833 companies=6 people=3 duration_seconds=0.0
2026-09-07 16:48:33 INFO RUN_START run_id=api_20260907_111833 channel=api limit=5 dry_run=False
2026-09-07 16:48:33 INFO API_REQUEST endpoint=DENUE status=CONNECTING
2026-09-07 16:48:33 INFO RECORDS_RECEIVED endpoint=DENUE count=5 invalid=0
2026-09-07 16:48:33 INFO API_REQUEST endpoint=SIEM status=CONNECTING
2026-09-07 16:48:33 INFO RECORDS_RECEIVED endpoint=SIEM count=3 invalid=0
2026-09-07 16:48:33 INFO API_REQUEST endpoint=DATOS_GOB status=CONNECTING
2026-09-07 16:48:35 INFO RECORDS_RECEIVED endpoint=DATOS_GOB count=0 invalid=0
2026-09-07 16:48:35 INFO API_REQUEST endpoint=SAT status=CONNECTING
2026-09-07 16:48:35 INFO RECORDS_RECEIVED endpoint=SAT count=2 invalid=0
2026-09-07 16:48:35 INFO API_REQUEST endpoint=SUPPLIER_REGISTRY status=CONNECTING
2026-09-07 16:48:35 INFO RECORDS_RECEIVED endpoint=SUPPLIER_REGISTRY count=3 invalid=0
2026-09-07 16:48:35 INFO DEDUPLICATION_COMPLETED input=13 duplicates=3 final=10
2026-09-07 16:48:35 INFO RUN_COMPLETE run_id=api_20260907_111833 companies=10 people=10 duration_seconds=1.84
2026-09-07 16:48:35 INFO RUN_START run_id=api_20260907_111835 channel=api limit=5 dry_run=False
2026-09-07 16:48:35 INFO API_REQUEST endpoint=DENUE status=CONNECTING
2026-09-07 16:48:35 INFO RECORDS_RECEIVED endpoint=DENUE count=5 invalid=0
2026-09-07 16:48:35 INFO API_REQUEST endpoint=SIEM status=CONNECTING
2026-09-07 16:48:35 INFO RECORDS_RECEIVED endpoint=SIEM count=3 invalid=0
2026-09-07 16:48:35 INFO API_REQUEST endpoint=DATOS_GOB status=CONNECTING
2026-09-07 16:48:36 INFO RECORDS_RECEIVED endpoint=DATOS_GOB count=0 invalid=0
2026-09-07 16:48:36 INFO API_REQUEST endpoint=SAT status=CONNECTING
2026-09-07 16:48:36 INFO RECORDS_RECEIVED endpoint=SAT count=2 invalid=0
2026-09-07 16:48:36 INFO API_REQUEST endpoint=SUPPLIER_REGISTRY status=CONNECTING
2026-09-07 16:48:36 INFO RECORDS_RECEIVED endpoint=SUPPLIER_REGISTRY count=3 invalid=0
2026-09-07 16:48:36 INFO DEDUPLICATION_COMPLETED input=13 duplicates=3 final=10
2026-09-07 16:48:36 INFO RUN_COMPLETE run_id=api_20260907_111835 companies=10 people=10 duration_seconds=0.81
2026-09-07 16:49:07 INFO RUN_START run_id=api_20260907_111907 channel=api limit=10 dry_run=False
2026-09-07 16:49:07 INFO API_REQUEST endpoint=DENUE status=CONNECTING
2026-09-07 16:49:07 INFO RECORDS_RECEIVED endpoint=DENUE count=3 invalid=0
2026-09-07 16:49:07 INFO API_REQUEST endpoint=SIEM status=CONNECTING
2026-09-07 16:49:07 INFO RECORDS_RECEIVED endpoint=SIEM count=3 invalid=0
2026-09-07 16:49:07 INFO API_REQUEST endpoint=SAT status=CONNECTING
2026-09-07 16:49:07 INFO RECORDS_RECEIVED endpoint=SAT count=2 invalid=0
2026-09-07 16:49:07 INFO DEDUPLICATION_COMPLETED input=8 duplicates=2 final=6
2026-09-07 16:49:07 INFO RUN_COMPLETE run_id=api_20260907_111907 companies=6 people=3 duration_seconds=0.01
2026-09-07 16:49:07 INFO RUN_START run_id=api_20260907_111907 channel=api limit=5 dry_run=False
2026-09-07 16:49:07 INFO API_REQUEST endpoint=DENUE status=CONNECTING
2026-09-07 16:49:07 INFO RECORDS_RECEIVED endpoint=DENUE count=5 invalid=0
2026-09-07 16:49:07 INFO API_REQUEST endpoint=SIEM status=CONNECTING
2026-09-07 16:49:07 INFO RECORDS_RECEIVED endpoint=SIEM count=3 invalid=0
2026-09-07 16:49:07 INFO API_REQUEST endpoint=DATOS_GOB status=CONNECTING
2026-09-07 16:49:09 INFO RECORDS_RECEIVED endpoint=DATOS_GOB count=0 invalid=0
2026-09-07 16:49:09 INFO API_REQUEST endpoint=SAT status=CONNECTING
2026-09-07 16:49:09 INFO RECORDS_RECEIVED endpoint=SAT count=2 invalid=0
2026-09-07 16:49:09 INFO API_REQUEST endpoint=SUPPLIER_REGISTRY status=CONNECTING
2026-09-07 16:49:09 INFO RECORDS_RECEIVED endpoint=SUPPLIER_REGISTRY count=3 invalid=0
2026-09-07 16:49:09 INFO DEDUPLICATION_COMPLETED input=13 duplicates=3 final=10
2026-09-07 16:49:09 INFO RUN_COMPLETE run_id=api_20260907_111907 companies=10 people=10 duration_seconds=1.76
2026-09-07 16:49:09 INFO RUN_START run_id=api_20260907_111909 channel=api limit=5 dry_run=False
2026-09-07 16:49:09 INFO API_REQUEST endpoint=DENUE status=CONNECTING
2026-09-07 16:49:09 INFO RECORDS_RECEIVED endpoint=DENUE count=5 invalid=0
2026-09-07 16:49:09 INFO API_REQUEST endpoint=SIEM status=CONNECTING
2026-09-07 16:49:09 INFO RECORDS_RECEIVED endpoint=SIEM count=3 invalid=0
2026-09-07 16:49:09 INFO API_REQUEST endpoint=DATOS_GOB status=CONNECTING
2026-09-07 16:49:10 INFO RECORDS_RECEIVED endpoint=DATOS_GOB count=0 invalid=0
2026-09-07 16:49:10 INFO API_REQUEST endpoint=SAT status=CONNECTING
2026-09-07 16:49:10 INFO RECORDS_RECEIVED endpoint=SAT count=2 invalid=0
2026-09-07 16:49:10 INFO API_REQUEST endpoint=SUPPLIER_REGISTRY status=CONNECTING
2026-09-07 16:49:10 INFO RECORDS_RECEIVED endpoint=SUPPLIER_REGISTRY count=3 invalid=0
2026-09-07 16:49:10 INFO DEDUPLICATION_COMPLETED input=13 duplicates=3 final=10
2026-09-07 16:49:10 INFO RUN_COMPLETE run_id=api_20260907_111909 companies=10 people=10 duration_seconds=0.9
2026-09-07 16:50:45 INFO RUN_START run_id=api_20260907_112045 channel=api limit=10 dry_run=False
2026-09-07 16:50:45 INFO API_REQUEST endpoint=DENUE status=CONNECTING
2026-09-07 16:50:45 INFO RECORDS_RECEIVED endpoint=DENUE count=3 invalid=0
2026-09-07 16:50:45 INFO API_REQUEST endpoint=SIEM status=CONNECTING
2026-09-07 16:50:45 INFO RECORDS_RECEIVED endpoint=SIEM count=3 invalid=0
2026-09-07 16:50:45 INFO API_REQUEST endpoint=SAT status=CONNECTING
2026-09-07 16:50:45 INFO RECORDS_RECEIVED endpoint=SAT count=2 invalid=0
2026-09-07 16:50:45 INFO DEDUPLICATION_COMPLETED input=8 duplicates=2 final=6
2026-09-07 16:50:45 INFO RUN_COMPLETE run_id=api_20260907_112045 companies=6 people=3 duration_seconds=0.0
2026-09-07 16:50:45 INFO RUN_START run_id=api_20260907_112045 channel=api limit=5 dry_run=False
2026-09-07 16:50:45 INFO API_REQUEST endpoint=DENUE status=CONNECTING
2026-09-07 16:50:45 INFO RECORDS_RECEIVED endpoint=DENUE count=5 invalid=0
2026-09-07 16:50:45 INFO API_REQUEST endpoint=SIEM status=CONNECTING
2026-09-07 16:50:45 INFO RECORDS_RECEIVED endpoint=SIEM count=3 invalid=0
2026-09-07 16:50:45 INFO API_REQUEST endpoint=DATOS_GOB status=CONNECTING
2026-09-07 16:50:48 INFO RECORDS_RECEIVED endpoint=DATOS_GOB count=0 invalid=0
2026-09-07 16:50:48 INFO API_REQUEST endpoint=SAT status=CONNECTING
2026-09-07 16:50:48 INFO RECORDS_RECEIVED endpoint=SAT count=2 invalid=0
2026-09-07 16:50:48 INFO API_REQUEST endpoint=SUPPLIER_REGISTRY status=CONNECTING
2026-09-07 16:50:48 INFO RECORDS_RECEIVED endpoint=SUPPLIER_REGISTRY count=3 invalid=0
2026-09-07 16:50:48 INFO DEDUPLICATION_COMPLETED input=13 duplicates=3 final=10
2026-09-07 16:50:48 INFO RUN_COMPLETE run_id=api_20260907_112045 companies=10 people=10 duration_seconds=2.51
2026-09-07 16:50:48 INFO RUN_START run_id=api_20260907_112048 channel=api limit=5 dry_run=False
2026-09-07 16:50:48 INFO API_REQUEST endpoint=DENUE status=CONNECTING
2026-09-07 16:50:48 INFO RECORDS_RECEIVED endpoint=DENUE count=5 invalid=0
2026-09-07 16:50:48 INFO API_REQUEST endpoint=SIEM status=CONNECTING
2026-09-07 16:50:48 INFO RECORDS_RECEIVED endpoint=SIEM count=3 invalid=0
2026-09-07 16:50:48 INFO API_REQUEST endpoint=DATOS_GOB status=CONNECTING
2026-09-07 16:50:56 INFO RECORDS_RECEIVED endpoint=DATOS_GOB count=0 invalid=0
2026-09-07 16:50:56 INFO API_REQUEST endpoint=SAT status=CONNECTING
2026-09-07 16:50:56 INFO RECORDS_RECEIVED endpoint=SAT count=2 invalid=0
2026-09-07 16:50:56 INFO API_REQUEST endpoint=SUPPLIER_REGISTRY status=CONNECTING
2026-09-07 16:50:56 INFO RECORDS_RECEIVED endpoint=SUPPLIER_REGISTRY count=3 invalid=0
2026-09-07 16:50:56 INFO DEDUPLICATION_COMPLETED input=13 duplicates=3 final=10
2026-09-07 16:50:56 INFO RUN_COMPLETE run_id=api_20260907_112048 companies=10 people=10 duration_seconds=7.96
2026-09-07 16:52:18 INFO RUN_START run_id=api_20260907_112218 channel=api limit=10 dry_run=False
2026-09-07 16:52:18 INFO API_REQUEST endpoint=DENUE status=CONNECTING
2026-09-07 16:52:18 INFO RECORDS_RECEIVED endpoint=DENUE count=3 invalid=0
2026-09-07 16:52:18 INFO API_REQUEST endpoint=SIEM status=CONNECTING
2026-09-07 16:52:18 INFO RECORDS_RECEIVED endpoint=SIEM count=3 invalid=0
2026-09-07 16:52:18 INFO API_REQUEST endpoint=SAT status=CONNECTING
2026-09-07 16:52:18 INFO RECORDS_RECEIVED endpoint=SAT count=2 invalid=0
2026-09-07 16:52:18 INFO DEDUPLICATION_COMPLETED input=8 duplicates=2 final=6
2026-09-07 16:52:18 INFO RUN_COMPLETE run_id=api_20260907_112218 companies=6 people=3 duration_seconds=0.0
2026-09-07 16:52:18 INFO RUN_START run_id=api_20260907_112218 channel=api limit=5 dry_run=False
2026-09-07 16:52:18 INFO API_REQUEST endpoint=DENUE status=CONNECTING
2026-09-07 16:52:18 INFO RECORDS_RECEIVED endpoint=DENUE count=5 invalid=0
2026-09-07 16:52:18 INFO API_REQUEST endpoint=SIEM status=CONNECTING
2026-09-07 16:52:18 INFO RECORDS_RECEIVED endpoint=SIEM count=3 invalid=0
2026-09-07 16:52:18 INFO API_REQUEST endpoint=DATOS_GOB status=CONNECTING
2026-09-07 16:52:25 INFO RECORDS_RECEIVED endpoint=DATOS_GOB count=0 invalid=0
2026-09-07 16:52:25 INFO API_REQUEST endpoint=SAT status=CONNECTING
2026-09-07 16:52:25 INFO RECORDS_RECEIVED endpoint=SAT count=2 invalid=0
2026-09-07 16:52:25 INFO API_REQUEST endpoint=SUPPLIER_REGISTRY status=CONNECTING
2026-09-07 16:52:25 INFO RECORDS_RECEIVED endpoint=SUPPLIER_REGISTRY count=3 invalid=0
2026-09-07 16:52:25 INFO DEDUPLICATION_COMPLETED input=13 duplicates=3 final=10
2026-09-07 16:52:25 INFO RUN_COMPLETE run_id=api_20260907_112218 companies=10 people=10 duration_seconds=6.2
2026-09-07 16:52:25 INFO RUN_START run_id=api_20260907_112225 channel=api limit=5 dry_run=False
2026-09-07 16:52:25 INFO API_REQUEST endpoint=DENUE status=CONNECTING
2026-09-07 16:52:25 INFO RECORDS_RECEIVED endpoint=DENUE count=5 invalid=0
2026-09-07 16:52:25 INFO API_REQUEST endpoint=SIEM status=CONNECTING
2026-09-07 16:52:25 INFO RECORDS_RECEIVED endpoint=SIEM count=3 invalid=0
2026-09-07 16:52:25 INFO API_REQUEST endpoint=DATOS_GOB status=CONNECTING
2026-09-07 16:52:32 INFO RECORDS_RECEIVED endpoint=DATOS_GOB count=0 invalid=0
2026-09-07 16:52:32 INFO API_REQUEST endpoint=SAT status=CONNECTING
2026-09-07 16:52:32 INFO RECORDS_RECEIVED endpoint=SAT count=2 invalid=0
2026-09-07 16:52:32 INFO API_REQUEST endpoint=SUPPLIER_REGISTRY status=CONNECTING
2026-09-07 16:52:32 INFO RECORDS_RECEIVED endpoint=SUPPLIER_REGISTRY count=3 invalid=0
2026-09-07 16:52:32 INFO DEDUPLICATION_COMPLETED input=13 duplicates=3 final=10
2026-09-07 16:52:32 INFO RUN_COMPLETE run_id=api_20260907_112225 companies=10 people=10 duration_seconds=7.52
2026-09-07 16:52:42 INFO RUN_START run_id=api_20260907_112242 channel=api limit=10 dry_run=False
2026-09-07 16:52:42 INFO API_REQUEST endpoint=DENUE status=CONNECTING
2026-09-07 16:52:42 INFO RECORDS_RECEIVED endpoint=DENUE count=3 invalid=0
2026-09-07 16:52:42 INFO API_REQUEST endpoint=SIEM status=CONNECTING
2026-09-07 16:52:42 INFO RECORDS_RECEIVED endpoint=SIEM count=3 invalid=0
2026-09-07 16:52:42 INFO API_REQUEST endpoint=SAT status=CONNECTING
2026-09-07 16:52:42 INFO RECORDS_RECEIVED endpoint=SAT count=2 invalid=0
2026-09-07 16:52:42 INFO DEDUPLICATION_COMPLETED input=8 duplicates=2 final=6
2026-09-07 16:52:42 INFO RUN_COMPLETE run_id=api_20260907_112242 companies=6 people=3 duration_seconds=0.0
2026-09-07 16:52:42 INFO RUN_START run_id=api_20260907_112242 channel=api limit=5 dry_run=False
2026-09-07 16:52:42 INFO API_REQUEST endpoint=DENUE status=CONNECTING
2026-09-07 16:52:42 INFO RECORDS_RECEIVED endpoint=DENUE count=5 invalid=0
2026-09-07 16:52:42 INFO API_REQUEST endpoint=SIEM status=CONNECTING
2026-09-07 16:52:42 INFO RECORDS_RECEIVED endpoint=SIEM count=3 invalid=0
2026-09-07 16:52:42 INFO API_REQUEST endpoint=DATOS_GOB status=CONNECTING
2026-09-07 16:52:49 INFO RECORDS_RECEIVED endpoint=DATOS_GOB count=0 invalid=0
2026-09-07 16:52:49 INFO API_REQUEST endpoint=SAT status=CONNECTING
2026-09-07 16:52:49 INFO RECORDS_RECEIVED endpoint=SAT count=2 invalid=0
2026-09-07 16:52:49 INFO API_REQUEST endpoint=SUPPLIER_REGISTRY status=CONNECTING
2026-09-07 16:52:49 INFO RECORDS_RECEIVED endpoint=SUPPLIER_REGISTRY count=3 invalid=0
2026-09-07 16:52:49 INFO DEDUPLICATION_COMPLETED input=13 duplicates=3 final=10
2026-09-07 16:52:49 INFO RUN_COMPLETE run_id=api_20260907_112242 companies=10 people=10 duration_seconds=6.48
2026-09-07 16:52:49 INFO RUN_START run_id=api_20260907_112249 channel=api limit=5 dry_run=False
2026-09-07 16:52:49 INFO API_REQUEST endpoint=DENUE status=CONNECTING
2026-09-07 16:52:49 INFO RECORDS_RECEIVED endpoint=DENUE count=5 invalid=0
2026-09-07 16:52:49 INFO API_REQUEST endpoint=SIEM status=CONNECTING
2026-09-07 16:52:49 INFO RECORDS_RECEIVED endpoint=SIEM count=3 invalid=0
2026-09-07 16:52:49 INFO API_REQUEST endpoint=DATOS_GOB status=CONNECTING
2026-09-07 16:52:56 INFO RECORDS_RECEIVED endpoint=DATOS_GOB count=0 invalid=0
2026-09-07 16:52:56 INFO API_REQUEST endpoint=SAT status=CONNECTING
2026-09-07 16:52:56 INFO RECORDS_RECEIVED endpoint=SAT count=2 invalid=0
2026-09-07 16:52:56 INFO API_REQUEST endpoint=SUPPLIER_REGISTRY status=CONNECTING
2026-09-07 16:52:56 INFO RECORDS_RECEIVED endpoint=SUPPLIER_REGISTRY count=3 invalid=0
2026-09-07 16:52:56 INFO DEDUPLICATION_COMPLETED input=13 duplicates=3 final=10
2026-09-07 16:52:56 INFO RUN_COMPLETE run_id=api_20260907_112249 companies=10 people=10 duration_seconds=6.8
2026-09-07 16:53:33 INFO RUN_START run_id=api_20260907_112333 channel=api limit=None dry_run=False
2026-09-07 16:53:33 INFO API_REQUEST endpoint=DENUE status=CONNECTING
2026-09-07 16:53:33 INFO RECORDS_RECEIVED endpoint=DENUE count=50 invalid=0
2026-09-07 16:53:33 INFO API_REQUEST endpoint=SIEM status=CONNECTING
2026-09-07 16:53:33 INFO RECORDS_RECEIVED endpoint=SIEM count=3 invalid=0
2026-09-07 16:53:33 INFO API_REQUEST endpoint=DATOS_GOB status=CONNECTING
2026-09-07 16:53:36 INFO RECORDS_RECEIVED endpoint=DATOS_GOB count=0 invalid=0
2026-09-07 16:53:36 INFO API_REQUEST endpoint=SAT status=CONNECTING
2026-09-07 16:53:36 INFO RECORDS_RECEIVED endpoint=SAT count=2 invalid=0
2026-09-07 16:53:36 INFO API_REQUEST endpoint=SUPPLIER_REGISTRY status=CONNECTING
2026-09-07 16:53:36 INFO RECORDS_RECEIVED endpoint=SUPPLIER_REGISTRY count=3 invalid=0
2026-09-07 16:53:36 INFO DEDUPLICATION_COMPLETED input=58 duplicates=3 final=55
2026-09-07 16:53:36 INFO RUN_COMPLETE run_id=api_20260907_112333 companies=55 people=55 duration_seconds=2.89
2026-09-07 16:55:56 INFO RUN_START run_id=api_20260907_112556 channel=api limit=None dry_run=False
2026-09-07 16:55:56 INFO API_REQUEST endpoint=DENUE status=CONNECTING
2026-09-07 16:55:56 INFO RECORDS_RECEIVED endpoint=DENUE count=50 invalid=0
2026-09-07 16:55:56 INFO API_REQUEST endpoint=SIEM status=CONNECTING
2026-09-07 16:55:56 INFO RECORDS_RECEIVED endpoint=SIEM count=3 invalid=0
2026-09-07 16:55:56 INFO API_REQUEST endpoint=DATOS_GOB status=CONNECTING
2026-09-07 16:56:00 INFO RECORDS_RECEIVED endpoint=DATOS_GOB count=0 invalid=0
2026-09-07 16:56:00 INFO API_REQUEST endpoint=SAT status=CONNECTING
2026-09-07 16:56:00 INFO RECORDS_RECEIVED endpoint=SAT count=2 invalid=0
2026-09-07 16:56:00 INFO API_REQUEST endpoint=SUPPLIER_REGISTRY status=CONNECTING
2026-09-07 16:56:00 INFO RECORDS_RECEIVED endpoint=SUPPLIER_REGISTRY count=3 invalid=0
2026-09-07 16:56:00 INFO DEDUPLICATION_COMPLETED input=58 duplicates=3 final=55
2026-09-07 16:56:00 INFO RUN_COMPLETE run_id=api_20260907_112556 companies=55 people=55 duration_seconds=4.1
2026-09-07 17:06:29 INFO RUN_START run_id=api_20260907_113629 channel=api limit=10 dry_run=False
2026-09-07 17:06:29 INFO API_REQUEST endpoint=DENUE status=CONNECTING
2026-09-07 17:06:29 INFO RECORDS_RECEIVED endpoint=DENUE count=3 invalid=0
2026-09-07 17:06:29 INFO API_REQUEST endpoint=SIEM status=CONNECTING
2026-09-07 17:06:29 INFO RECORDS_RECEIVED endpoint=SIEM count=10 invalid=0
2026-09-07 17:06:29 INFO API_REQUEST endpoint=SAT status=CONNECTING
2026-09-07 17:06:29 INFO RECORDS_RECEIVED endpoint=SAT count=10 invalid=0
2026-09-07 17:06:29 INFO DEDUPLICATION_COMPLETED input=23 duplicates=2 final=21
2026-09-07 17:06:29 INFO RUN_COMPLETE run_id=api_20260907_113629 companies=21 people=18 duration_seconds=0.01
2026-09-07 17:06:29 INFO RUN_START run_id=api_20260907_113629 channel=api limit=5 dry_run=False
2026-09-07 17:06:29 INFO API_REQUEST endpoint=DENUE status=CONNECTING
2026-09-07 17:06:29 INFO RECORDS_RECEIVED endpoint=DENUE count=5 invalid=0
2026-09-07 17:06:29 INFO API_REQUEST endpoint=SIEM status=CONNECTING
2026-09-07 17:06:29 INFO RECORDS_RECEIVED endpoint=SIEM count=5 invalid=0
2026-09-07 17:06:29 INFO API_REQUEST endpoint=DATOS_GOB status=CONNECTING
2026-09-07 17:06:39 INFO RECORDS_RECEIVED endpoint=DATOS_GOB count=0 invalid=0
2026-09-07 17:06:39 INFO API_REQUEST endpoint=SAT status=CONNECTING
2026-09-07 17:06:39 INFO RECORDS_RECEIVED endpoint=SAT count=5 invalid=0
2026-09-07 17:06:39 INFO API_REQUEST endpoint=SUPPLIER_REGISTRY status=CONNECTING
2026-09-07 17:06:39 INFO RECORDS_RECEIVED endpoint=SUPPLIER_REGISTRY count=5 invalid=0
2026-09-07 17:06:39 INFO DEDUPLICATION_COMPLETED input=20 duplicates=3 final=17
2026-09-07 17:06:39 INFO RUN_COMPLETE run_id=api_20260907_113629 companies=17 people=17 duration_seconds=9.22
2026-09-07 17:06:39 INFO RUN_START run_id=api_20260907_113639 channel=api limit=5 dry_run=False
2026-09-07 17:06:39 INFO API_REQUEST endpoint=DENUE status=CONNECTING
2026-09-07 17:06:39 INFO RECORDS_RECEIVED endpoint=DENUE count=5 invalid=0
2026-09-07 17:06:39 INFO API_REQUEST endpoint=SIEM status=CONNECTING
2026-09-07 17:06:39 INFO RECORDS_RECEIVED endpoint=SIEM count=5 invalid=0
2026-09-07 17:06:39 INFO API_REQUEST endpoint=DATOS_GOB status=CONNECTING
2026-09-07 17:06:40 INFO RECORDS_RECEIVED endpoint=DATOS_GOB count=0 invalid=0
2026-09-07 17:06:40 INFO API_REQUEST endpoint=SAT status=CONNECTING
2026-09-07 17:06:40 INFO RECORDS_RECEIVED endpoint=SAT count=5 invalid=0
2026-09-07 17:06:40 INFO API_REQUEST endpoint=SUPPLIER_REGISTRY status=CONNECTING
2026-09-07 17:06:40 INFO RECORDS_RECEIVED endpoint=SUPPLIER_REGISTRY count=5 invalid=0
2026-09-07 17:06:40 INFO DEDUPLICATION_COMPLETED input=20 duplicates=3 final=17
2026-09-07 17:06:40 INFO RUN_COMPLETE run_id=api_20260907_113639 companies=17 people=17 duration_seconds=1.43
2026-09-07 17:07:03 INFO RUN_START run_id=api_20260907_113703 channel=api limit=1000 dry_run=False
2026-09-07 17:07:03 INFO API_REQUEST endpoint=DENUE status=CONNECTING
2026-09-07 17:07:03 INFO RECORDS_RECEIVED endpoint=DENUE count=1000 invalid=0
2026-09-07 17:07:03 INFO API_REQUEST endpoint=SIEM status=CONNECTING
2026-09-07 17:07:03 INFO RECORDS_RECEIVED endpoint=SIEM count=1000 invalid=0
2026-09-07 17:07:03 INFO API_REQUEST endpoint=DATOS_GOB status=CONNECTING
2026-09-07 17:07:04 INFO RECORDS_RECEIVED endpoint=DATOS_GOB count=0 invalid=0
2026-09-07 17:07:04 INFO API_REQUEST endpoint=SAT status=CONNECTING
2026-09-07 17:07:04 INFO RECORDS_RECEIVED endpoint=SAT count=1000 invalid=0
2026-09-07 17:07:04 INFO API_REQUEST endpoint=SUPPLIER_REGISTRY status=CONNECTING
2026-09-07 17:07:04 INFO RECORDS_RECEIVED endpoint=SUPPLIER_REGISTRY count=1000 invalid=0
2026-09-07 17:07:08 INFO DEDUPLICATION_COMPLETED input=4000 duplicates=881 final=3119
2026-09-07 17:07:08 INFO RUN_COMPLETE run_id=api_20260907_113703 companies=3119 people=3997 duration_seconds=5.12
2026-09-16 18:16:09 INFO RUN_START run_id=api_20260916_124609 channel=api limit=10 dry_run=False
2026-09-16 18:16:09 INFO API_REQUEST endpoint=DENUE status=CONNECTING
2026-09-16 18:16:09 INFO RECORDS_RECEIVED endpoint=DENUE count=3 invalid=0
2026-09-16 18:16:09 INFO API_REQUEST endpoint=SIEM status=CONNECTING
2026-09-16 18:16:09 INFO RECORDS_RECEIVED endpoint=SIEM count=10 invalid=0
2026-09-16 18:16:09 INFO API_REQUEST endpoint=SAT status=CONNECTING
2026-09-16 18:16:09 INFO RECORDS_RECEIVED endpoint=SAT count=10 invalid=0
2026-09-16 18:16:09 INFO DEDUPLICATION_COMPLETED input=23 duplicates=2 final=21
2026-09-16 18:16:09 INFO RUN_COMPLETE run_id=api_20260916_124609 companies=21 people=18 duration_seconds=0.01
2026-09-16 18:16:09 INFO RUN_START run_id=api_20260916_124609 channel=api limit=5 dry_run=False
2026-09-16 18:16:09 INFO API_REQUEST endpoint=DENUE status=CONNECTING
2026-09-16 18:16:09 INFO RECORDS_RECEIVED endpoint=DENUE count=5 invalid=0
2026-09-16 18:16:09 INFO API_REQUEST endpoint=SIEM status=CONNECTING
2026-09-16 18:16:09 INFO RECORDS_RECEIVED endpoint=SIEM count=5 invalid=0
2026-09-16 18:16:09 INFO API_REQUEST endpoint=DATOS_GOB status=CONNECTING
2026-09-16 18:16:46 INFO RECORDS_RECEIVED endpoint=DATOS_GOB count=0 invalid=0
2026-09-16 18:16:46 INFO API_REQUEST endpoint=SAT status=CONNECTING
2026-09-16 18:16:46 INFO RECORDS_RECEIVED endpoint=SAT count=5 invalid=0
2026-09-16 18:16:46 INFO API_REQUEST endpoint=SUPPLIER_REGISTRY status=CONNECTING
2026-09-16 18:16:46 INFO RECORDS_RECEIVED endpoint=SUPPLIER_REGISTRY count=5 invalid=0
2026-09-16 18:16:46 INFO DEDUPLICATION_COMPLETED input=20 duplicates=3 final=17
2026-09-16 18:16:46 INFO RUN_COMPLETE run_id=api_20260916_124609 companies=17 people=17 duration_seconds=37.27
2026-09-16 18:16:46 INFO RUN_START run_id=api_20260916_124646 channel=api limit=5 dry_run=False
2026-09-16 18:16:46 INFO API_REQUEST endpoint=DENUE status=CONNECTING
2026-09-16 18:16:46 INFO RECORDS_RECEIVED endpoint=DENUE count=5 invalid=0
2026-09-16 18:16:46 INFO API_REQUEST endpoint=SIEM status=CONNECTING
2026-09-16 18:16:46 INFO RECORDS_RECEIVED endpoint=SIEM count=5 invalid=0
2026-09-16 18:16:46 INFO API_REQUEST endpoint=DATOS_GOB status=CONNECTING
2026-09-16 18:16:48 INFO RECORDS_RECEIVED endpoint=DATOS_GOB count=0 invalid=0
2026-09-16 18:16:48 INFO API_REQUEST endpoint=SAT status=CONNECTING
2026-09-16 18:16:48 INFO RECORDS_RECEIVED endpoint=SAT count=5 invalid=0
2026-09-16 18:16:48 INFO API_REQUEST endpoint=SUPPLIER_REGISTRY status=CONNECTING
2026-09-16 18:16:48 INFO RECORDS_RECEIVED endpoint=SUPPLIER_REGISTRY count=5 invalid=0
2026-09-16 18:16:48 INFO DEDUPLICATION_COMPLETED input=20 duplicates=3 final=17
2026-09-16 18:16:48 INFO RUN_COMPLETE run_id=api_20260916_124646 companies=17 people=17 duration_seconds=1.54
2026-09-17 11:38:41 INFO RUN_START run_id=api_20260917_060841 channel=api limit=50000 dry_run=False
2026-09-17 11:38:41 INFO API_REQUEST endpoint=DENUE status=CONNECTING
2026-09-17 11:38:48 INFO RECORDS_RECEIVED endpoint=DENUE count=50000 invalid=0
2026-09-17 11:39:00 INFO DEDUPLICATION_COMPLETED input=50000 duplicates=15747 final=34253
2026-09-17 11:39:15 INFO RUN_COMPLETE run_id=api_20260917_060841 companies=34253 people=49969 duration_seconds=24.71
2026-09-17 11:45:50 INFO RUN_START run_id=api_20260917_061550 channel=api limit=50000 dry_run=False
2026-09-17 11:45:50 INFO API_REQUEST endpoint=DENUE status=CONNECTING
2026-09-17 11:46:03 INFO RECORDS_RECEIVED endpoint=DENUE count=50000 invalid=0
2026-09-17 11:46:18 INFO DEDUPLICATION_COMPLETED input=50000 duplicates=16044 final=33956
2026-09-17 11:46:35 INFO RUN_COMPLETE run_id=api_20260917_061550 companies=33956 people=49962 duration_seconds=33.41
2026-09-17 11:51:07 INFO RUN_START run_id=api_20260917_062107 channel=api limit=50000 dry_run=False
2026-09-17 11:51:07 INFO API_REQUEST endpoint=DENUE status=CONNECTING
2026-09-17 11:51:20 INFO RECORDS_RECEIVED endpoint=DENUE count=50000 invalid=0
2026-09-17 11:51:36 INFO DEDUPLICATION_COMPLETED input=50000 duplicates=16056 final=33944
2026-09-17 11:51:47 INFO RUN_COMPLETE run_id=api_20260917_062107 companies=33944 people=49962 duration_seconds=35.24
2026-09-17 11:56:03 INFO RUN_START run_id=api_20260917_062603 channel=api limit=10 dry_run=False
2026-09-17 11:56:03 INFO API_REQUEST endpoint=DENUE status=CONNECTING
2026-09-17 11:56:03 INFO RECORDS_RECEIVED endpoint=DENUE count=3 invalid=0
2026-09-17 11:56:03 INFO API_REQUEST endpoint=SIEM status=CONNECTING
2026-09-17 11:56:03 INFO RECORDS_RECEIVED endpoint=SIEM count=10 invalid=0
2026-09-17 11:56:03 INFO API_REQUEST endpoint=SAT status=CONNECTING
2026-09-17 11:56:03 INFO RECORDS_RECEIVED endpoint=SAT count=10 invalid=0
2026-09-17 11:56:03 INFO DEDUPLICATION_COMPLETED input=23 duplicates=2 final=21
2026-09-17 11:56:03 INFO RUN_COMPLETE run_id=api_20260917_062603 companies=21 people=18 duration_seconds=0.01
2026-09-17 11:56:03 INFO RUN_START run_id=api_20260917_062603 channel=api limit=5 dry_run=False
2026-09-17 11:56:03 INFO API_REQUEST endpoint=DENUE status=CONNECTING
2026-09-17 11:56:03 INFO RECORDS_RECEIVED endpoint=DENUE count=5 invalid=0
2026-09-17 11:56:03 INFO API_REQUEST endpoint=SIEM status=CONNECTING
2026-09-17 11:56:03 INFO RECORDS_RECEIVED endpoint=SIEM count=5 invalid=0
2026-09-17 11:56:03 INFO API_REQUEST endpoint=DATOS_GOB status=CONNECTING
2026-09-17 11:56:06 INFO RECORDS_RECEIVED endpoint=DATOS_GOB count=0 invalid=0
2026-09-17 11:56:06 INFO API_REQUEST endpoint=SAT status=CONNECTING
2026-09-17 11:56:06 INFO RECORDS_RECEIVED endpoint=SAT count=5 invalid=0
2026-09-17 11:56:06 INFO API_REQUEST endpoint=SUPPLIER_REGISTRY status=CONNECTING
2026-09-17 11:56:06 INFO RECORDS_RECEIVED endpoint=SUPPLIER_REGISTRY count=5 invalid=0
2026-09-17 11:56:06 INFO DEDUPLICATION_COMPLETED input=20 duplicates=3 final=17
2026-09-17 11:56:06 INFO RUN_COMPLETE run_id=api_20260917_062603 companies=17 people=17 duration_seconds=2.74
2026-09-17 11:56:06 INFO RUN_START run_id=api_20260917_062606 channel=api limit=5 dry_run=False
2026-09-17 11:56:06 INFO API_REQUEST endpoint=DENUE status=CONNECTING
2026-09-17 11:56:06 INFO RECORDS_RECEIVED endpoint=DENUE count=5 invalid=0
2026-09-17 11:56:06 INFO API_REQUEST endpoint=SIEM status=CONNECTING
2026-09-17 11:56:06 INFO RECORDS_RECEIVED endpoint=SIEM count=5 invalid=0
2026-09-17 11:56:06 INFO API_REQUEST endpoint=DATOS_GOB status=CONNECTING
2026-09-17 11:56:09 INFO RECORDS_RECEIVED endpoint=DATOS_GOB count=0 invalid=0
2026-09-17 11:56:09 INFO API_REQUEST endpoint=SAT status=CONNECTING
2026-09-17 11:56:09 INFO RECORDS_RECEIVED endpoint=SAT count=5 invalid=0
2026-09-17 11:56:09 INFO API_REQUEST endpoint=SUPPLIER_REGISTRY status=CONNECTING
2026-09-17 11:56:09 INFO RECORDS_RECEIVED endpoint=SUPPLIER_REGISTRY count=5 invalid=0
2026-09-17 11:56:09 INFO DEDUPLICATION_COMPLETED input=20 duplicates=3 final=17
2026-09-17 11:56:09 INFO RUN_COMPLETE run_id=api_20260917_062606 companies=17 people=17 duration_seconds=3.17
2026-09-17 17:57:54 INFO RUN_START run_id=api_20260917_122754 channel=api limit=10 dry_run=False
2026-09-17 17:57:54 INFO API_REQUEST endpoint=DENUE status=CONNECTING
2026-09-17 17:57:54 INFO RECORDS_RECEIVED endpoint=DENUE count=3 invalid=0
2026-09-17 17:57:54 INFO API_REQUEST endpoint=SIEM status=CONNECTING
2026-09-17 17:57:54 INFO RECORDS_RECEIVED endpoint=SIEM count=10 invalid=0
2026-09-17 17:57:54 INFO API_REQUEST endpoint=SAT status=CONNECTING
2026-09-17 17:57:54 INFO RECORDS_RECEIVED endpoint=SAT count=10 invalid=0
2026-09-17 17:57:54 INFO DEDUPLICATION_COMPLETED input=23 duplicates=2 final=21
2026-09-17 17:57:54 INFO RUN_COMPLETE run_id=api_20260917_122754 companies=21 people=18 duration_seconds=0.01
2026-09-17 17:57:54 INFO RUN_START run_id=api_20260917_122754 channel=api limit=5 dry_run=False
2026-09-17 17:57:54 INFO API_REQUEST endpoint=DENUE status=CONNECTING
2026-09-17 17:57:54 INFO RECORDS_RECEIVED endpoint=DENUE count=5 invalid=0
2026-09-17 17:57:54 INFO API_REQUEST endpoint=SIEM status=CONNECTING
2026-09-17 17:57:54 INFO RECORDS_RECEIVED endpoint=SIEM count=5 invalid=0
2026-09-17 17:57:54 INFO API_REQUEST endpoint=DATOS_GOB status=CONNECTING
2026-09-17 17:57:58 INFO RECORDS_RECEIVED endpoint=DATOS_GOB count=0 invalid=0
2026-09-17 17:57:58 INFO API_REQUEST endpoint=SAT status=CONNECTING
2026-09-17 17:57:58 INFO RECORDS_RECEIVED endpoint=SAT count=5 invalid=0
2026-09-17 17:57:58 INFO API_REQUEST endpoint=SUPPLIER_REGISTRY status=CONNECTING
2026-09-17 17:57:58 INFO RECORDS_RECEIVED endpoint=SUPPLIER_REGISTRY count=5 invalid=0
2026-09-17 17:57:58 INFO DEDUPLICATION_COMPLETED input=20 duplicates=3 final=17
2026-09-17 17:57:58 INFO RUN_COMPLETE run_id=api_20260917_122754 companies=17 people=17 duration_seconds=3.78
2026-09-17 17:57:58 INFO RUN_START run_id=api_20260917_122758 channel=api limit=5 dry_run=False
2026-09-17 17:57:58 INFO API_REQUEST endpoint=DENUE status=CONNECTING
2026-09-17 17:57:58 INFO RECORDS_RECEIVED endpoint=DENUE count=5 invalid=0
2026-09-17 17:57:58 INFO API_REQUEST endpoint=SIEM status=CONNECTING
2026-09-17 17:57:58 INFO RECORDS_RECEIVED endpoint=SIEM count=5 invalid=0
2026-09-17 17:57:58 INFO API_REQUEST endpoint=DATOS_GOB status=CONNECTING
2026-09-17 17:58:00 INFO RECORDS_RECEIVED endpoint=DATOS_GOB count=0 invalid=0
2026-09-17 17:58:00 INFO API_REQUEST endpoint=SAT status=CONNECTING
2026-09-17 17:58:00 INFO RECORDS_RECEIVED endpoint=SAT count=5 invalid=0
2026-09-17 17:58:00 INFO API_REQUEST endpoint=SUPPLIER_REGISTRY status=CONNECTING
2026-09-17 17:58:00 INFO RECORDS_RECEIVED endpoint=SUPPLIER_REGISTRY count=5 invalid=0
2026-09-17 17:58:00 INFO DEDUPLICATION_COMPLETED input=20 duplicates=3 final=17
2026-09-17 17:58:00 INFO RUN_COMPLETE run_id=api_20260917_122758 companies=17 people=17 duration_seconds=2.54
